(Just "LinkedIn",Just "https://testinghakyllconvert.wordpress.com/2017/09/02/linkedin/",Just "minorusan",[RSSCategory {rssCategoryDomain = Just "nav_menu", rssCategoryAttrs = [(Name {nameLocalName = "nicename", nameNamespace = Nothing, namePrefix = Nothing},[ContentText "social-media"])], rssCategoryValue = "Social Media"}],Just (RSSGuid {rssGuidPermanentURL = Just False, rssGuidAttrs = [], rssGuidValue = "https://testinghakyllconvert.wordpress.com/2017/09/02/linkedin/"}),Just "Sat, 02 Sep 2017 21:10:37 +0000",[Element {elementName = Name {nameLocalName = "creator", nameNamespace = Just "http://purl.org/dc/elements/1.1/", namePrefix = Just "dc"}, elementAttributes = [], elementNodes = [NodeContent (ContentText "minorusan")]},Element {elementName = Name {nameLocalName = "encoded", nameNamespace = Just "http://purl.org/rss/1.0/modules/content/", namePrefix = Just "content"}, elementAttributes = [], elementNodes = [NodeContent (ContentText "")]},Element {elementName = Name {nameLocalName = "encoded", nameNamespace = Just "http://wordpress.org/export/1.2/excerpt/", namePrefix = Just "excerpt"}, elementAttributes = [], elementNodes = [NodeContent (ContentText "")]},Element {elementName = Name {nameLocalName = "post_id", nameNamespace = Just "http://wordpress.org/export/1.2/", namePrefix = Just "wp"}, elementAttributes = [], elementNodes = [NodeContent (ContentText "12")]},Element {elementName = Name {nameLocalName = "post_date", nameNamespace = Just "http://wordpress.org/export/1.2/", namePrefix = Just "wp"}, elementAttributes = [], elementNodes = [NodeContent (ContentText "2017-09-02 21:10:37")]},Element {elementName = Name {nameLocalName = "post_date_gmt", nameNamespace = Just "http://wordpress.org/export/1.2/", namePrefix = Just "wp"}, elementAttributes = [], elementNodes = [NodeContent (ContentText "2017-09-02 21:10:37")]},Element {elementName = Name {nameLocalName = "comment_status", nameNamespace = Just "http://wordpress.org/export/1.2/", namePrefix = Just "wp"}, elementAttributes = [], elementNodes = [NodeContent (ContentText "closed")]},Element {elementName = Name {nameLocalName = "ping_status", nameNamespace = Just "http://wordpress.org/export/1.2/", namePrefix = Just "wp"}, elementAttributes = [], elementNodes = [NodeContent (ContentText "closed")]},Element {elementName = Name {nameLocalName = "post_name", nameNamespace = Just "http://wordpress.org/export/1.2/", namePrefix = Just "wp"}, elementAttributes = [], elementNodes = [NodeContent (ContentText "linkedin")]},Element {elementName = Name {nameLocalName = "status", nameNamespace = Just "http://wordpress.org/export/1.2/", namePrefix = Just "wp"}, elementAttributes = [], elementNodes = [NodeContent (ContentText "publish")]},Element {elementName = Name {nameLocalName = "post_parent", nameNamespace = Just "http://wordpress.org/export/1.2/", namePrefix = Just "wp"}, elementAttributes = [], elementNodes = [NodeContent (ContentText "0")]},Element {elementName = Name {nameLocalName = "menu_order", nameNamespace = Just "http://wordpress.org/export/1.2/", namePrefix = Just "wp"}, elementAttributes = [], elementNodes = [NodeContent (ContentText "1")]},Element {elementName = Name {nameLocalName = "post_type", nameNamespace = Just "http://wordpress.org/export/1.2/", namePrefix = Just "wp"}, elementAttributes = [], elementNodes = [NodeContent (ContentText "nav_menu_item")]},Element {elementName = Name {nameLocalName = "post_password", nameNamespace = Just "http://wordpress.org/export/1.2/", namePrefix = Just "wp"}, elementAttributes = [], elementNodes = []},Element {elementName = Name {nameLocalName = "is_sticky", nameNamespace = Just "http://wordpress.org/export/1.2/", namePrefix = Just "wp"}, elementAttributes = [], elementNodes = [NodeContent (ContentText "0")]},Element {elementName = Name {nameLocalName = "postmeta", nameNamespace = Just "http://wordpress.org/export/1.2/", namePrefix = Just "wp"}, elementAttributes = [], elementNodes = [NodeContent (ContentText "\n\t\t\t"),NodeElement (Element {elementName = Name {nameLocalName = "meta_key", nameNamespace = Just "http://wordpress.org/export/1.2/", namePrefix = Just "wp"}, elementAttributes = [], elementNodes = [NodeContent (ContentText "_publicize_pending")]}),NodeContent (ContentText "\n\t\t\t"),NodeElement (Element {elementName = Name {nameLocalName = "meta_value", nameNamespace = Just "http://wordpress.org/export/1.2/", namePrefix = Just "wp"}, elementAttributes = [], elementNodes = [NodeContent (ContentText "1")]}),NodeContent (ContentText "\n\t\t")]},Element {elementName = Name {nameLocalName = "postmeta", nameNamespace = Just "http://wordpress.org/export/1.2/", namePrefix = Just "wp"}, elementAttributes = [], elementNodes = [NodeContent (ContentText "\n\t\t\t"),NodeElement (Element {elementName = Name {nameLocalName = "meta_key", nameNamespace = Just "http://wordpress.org/export/1.2/", namePrefix = Just "wp"}, elementAttributes = [], elementNodes = [NodeContent (ContentText "_menu_item_type")]}),NodeContent (ContentText "\n\t\t\t"),NodeElement (Element {elementName = Name {nameLocalName = "meta_value", nameNamespace = Just "http://wordpress.org/export/1.2/", namePrefix = Just "wp"}, elementAttributes = [], elementNodes = [NodeContent (ContentText "custom")]}),NodeContent (ContentText "\n\t\t")]},Element {elementName = Name {nameLocalName = "postmeta", nameNamespace = Just "http://wordpress.org/export/1.2/", namePrefix = Just "wp"}, elementAttributes = [], elementNodes = [NodeContent (ContentText "\n\t\t\t"),NodeElement (Element {elementName = Name {nameLocalName = "meta_key", nameNamespace = Just "http://wordpress.org/export/1.2/", namePrefix = Just "wp"}, elementAttributes = [], elementNodes = [NodeContent (ContentText "_menu_item_menu_item_parent")]}),NodeContent (ContentText "\n\t\t\t"),NodeElement (Element {elementName = Name {nameLocalName = "meta_value", nameNamespace = Just "http://wordpress.org/export/1.2/", namePrefix = Just "wp"}, elementAttributes = [], elementNodes = [NodeContent (ContentText "0")]}),NodeContent (ContentText "\n\t\t")]},Element {elementName = Name {nameLocalName = "postmeta", nameNamespace = Just "http://wordpress.org/export/1.2/", namePrefix = Just "wp"}, elementAttributes = [], elementNodes = [NodeContent (ContentText "\n\t\t\t"),NodeElement (Element {elementName = Name {nameLocalName = "meta_key", nameNamespace = Just "http://wordpress.org/export/1.2/", namePrefix = Just "wp"}, elementAttributes = [], elementNodes = [NodeContent (ContentText "_menu_item_object_id")]}),NodeContent (ContentText "\n\t\t\t"),NodeElement (Element {elementName = Name {nameLocalName = "meta_value", nameNamespace = Just "http://wordpress.org/export/1.2/", namePrefix = Just "wp"}, elementAttributes = [], elementNodes = [NodeContent (ContentText "12")]}),NodeContent (ContentText "\n\t\t")]},Element {elementName = Name {nameLocalName = "postmeta", nameNamespace = Just "http://wordpress.org/export/1.2/", namePrefix = Just "wp"}, elementAttributes = [], elementNodes = [NodeContent (ContentText "\n\t\t\t"),NodeElement (Element {elementName = Name {nameLocalName = "meta_key", nameNamespace = Just "http://wordpress.org/export/1.2/", namePrefix = Just "wp"}, elementAttributes = [], elementNodes = [NodeContent (ContentText "_menu_item_object")]}),NodeContent (ContentText "\n\t\t\t"),NodeElement (Element {elementName = Name {nameLocalName = "meta_value", nameNamespace = Just "http://wordpress.org/export/1.2/", namePrefix = Just "wp"}, elementAttributes = [], elementNodes = [NodeContent (ContentText "custom")]}),NodeContent (ContentText "\n\t\t")]},Element {elementName = Name {nameLocalName = "postmeta", nameNamespace = Just "http://wordpress.org/export/1.2/", namePrefix = Just "wp"}, elementAttributes = [], elementNodes = [NodeContent (ContentText "\n\t\t\t"),NodeElement (Element {elementName = Name {nameLocalName = "meta_key", nameNamespace = Just "http://wordpress.org/export/1.2/", namePrefix = Just "wp"}, elementAttributes = [], elementNodes = [NodeContent (ContentText "_menu_item_target")]}),NodeContent (ContentText "\n\t\t\t"),NodeElement (Element {elementName = Name {nameLocalName = "meta_value", nameNamespace = Just "http://wordpress.org/export/1.2/", namePrefix = Just "wp"}, elementAttributes = [], elementNodes = [NodeContent (ContentText "")]}),NodeContent (ContentText "\n\t\t")]},Element {elementName = Name {nameLocalName = "postmeta", nameNamespace = Just "http://wordpress.org/export/1.2/", namePrefix = Just "wp"}, elementAttributes = [], elementNodes = [NodeContent (ContentText "\n\t\t\t"),NodeElement (Element {elementName = Name {nameLocalName = "meta_key", nameNamespace = Just "http://wordpress.org/export/1.2/", namePrefix = Just "wp"}, elementAttributes = [], elementNodes = [NodeContent (ContentText "_menu_item_classes")]}),NodeContent (ContentText "\n\t\t\t"),NodeElement (Element {elementName = Name {nameLocalName = "meta_value", nameNamespace = Just "http://wordpress.org/export/1.2/", namePrefix = Just "wp"}, elementAttributes = [], elementNodes = [NodeContent (ContentText "a:1:{i:0;s:0:\"\";}")]}),NodeContent (ContentText "\n\t\t")]},Element {elementName = Name {nameLocalName = "postmeta", nameNamespace = Just "http://wordpress.org/export/1.2/", namePrefix = Just "wp"}, elementAttributes = [], elementNodes = [NodeContent (ContentText "\n\t\t\t"),NodeElement (Element {elementName = Name {nameLocalName = "meta_key", nameNamespace = Just "http://wordpress.org/export/1.2/", namePrefix = Just "wp"}, elementAttributes = [], elementNodes = [NodeContent (ContentText "_menu_item_xfn")]}),NodeContent (ContentText "\n\t\t\t"),NodeElement (Element {elementName = Name {nameLocalName = "meta_value", nameNamespace = Just "http://wordpress.org/export/1.2/", namePrefix = Just "wp"}, elementAttributes = [], elementNodes = [NodeContent (ContentText "")]}),NodeContent (ContentText "\n\t\t")]},Element {elementName = Name {nameLocalName = "postmeta", nameNamespace = Just "http://wordpress.org/export/1.2/", namePrefix = Just "wp"}, elementAttributes = [], elementNodes = [NodeContent (ContentText "\n\t\t\t"),NodeElement (Element {elementName = Name {nameLocalName = "meta_key", nameNamespace = Just "http://wordpress.org/export/1.2/", namePrefix = Just "wp"}, elementAttributes = [], elementNodes = [NodeContent (ContentText "_menu_item_url")]}),NodeContent (ContentText "\n\t\t\t"),NodeElement (Element {elementName = Name {nameLocalName = "meta_value", nameNamespace = Just "http://wordpress.org/export/1.2/", namePrefix = Just "wp"}, elementAttributes = [], elementNodes = [NodeContent (ContentText "http://www.linkedin.com")]}),NodeContent (ContentText "\n\t\t")]}])