RSSItem {rssItemTitle = Just "Announcing testing blog for hakyll-convert", rssItemLink = Just "https://testinghakyllconvert.wordpress.com/2017/09/02/announcing-testing-blog-for-hakyll-convert/", rssItemDescription = Just "", rssItemAuthor = Just "minorusan", rssItemCategories = [RSSCategory {rssCategoryDomain = Just "category", rssCategoryAttrs = [(Name {nameLocalName = "nicename", nameNamespace = Nothing, namePrefix = Nothing},[ContentText "uncategorized"])], rssCategoryValue = "Uncategorized"}], rssItemComments = Nothing, rssItemEnclosure = Nothing, rssItemGuid = Just (RSSGuid {rssGuidPermanentURL = Just False, rssGuidAttrs = [], rssGuidValue = "https://testinghakyllconvert.wordpress.com/?p=19"}), rssItemPubDate = Just "Sat, 02 Sep 2017 21:25:14 +0000", rssItemSource = Nothing, rssItemAttrs = [], rssItemOther = [Element {elementName = Name {nameLocalName = "creator", nameNamespace = Just "http://purl.org/dc/elements/1.1/", namePrefix = Just "dc"}, elementAttributes = [], elementNodes = [NodeContent (ContentText "minorusan")]},Element {elementName = Name {nameLocalName = "encoded", nameNamespace = Just "http://purl.org/rss/1.0/modules/content/", namePrefix = Just "content"}, elementAttributes = [], elementNodes = [NodeContent (ContentText "<a href=\"https://github.com/Minoru/hakyll-convert\">Hakyll-convert</a> provides a library and utility for importing blogs from a variety of engines (currently, Blogger and Wordpress) to the <a href=\"http://jaspervdj.be/hakyll/\">Hakyll</a> static site generator.\n\nWe aim to:\n<ul>\n\t<li>avoid converting your content between formats (it usually comes in HTML and should stay as such without passing through filters)</li>\n\t<li>allow for the possibility of <a href=\"http://www.w3.org/Provider/Style/URI.html\">Cool URIs</a> by keeping relative page names the same as on your old blog (this only works if you use your own domain for your hosted site). If you don't agree with us on that point, use <code>--output-format</code> flag to specify your own output filename format.</li>\n</ul>\nThis blog supports hakyll-convert by proving a set of test posts that can be exported and then used as a testing input for the program.")]},Element {elementName = Name {nameLocalName = "encoded", nameNamespace = Just "http://wordpress.org/export/1.2/excerpt/", namePrefix = Just "excerpt"}, elementAttributes = [], elementNodes = [NodeContent (ContentText "")]},Element {elementName = Name {nameLocalName = "post_id", nameNamespace = Just "http://wordpress.org/export/1.2/", namePrefix = Just "wp"}, elementAttributes = [], elementNodes = [NodeContent (ContentText "19")]},Element {elementName = Name {nameLocalName = "post_date", nameNamespace = Just "http://wordpress.org/export/1.2/", namePrefix = Just "wp"}, elementAttributes = [], elementNodes = [NodeContent (ContentText "2017-09-02 21:25:14")]},Element {elementName = Name {nameLocalName = "post_date_gmt", nameNamespace = Just "http://wordpress.org/export/1.2/", namePrefix = Just "wp"}, elementAttributes = [], elementNodes = [NodeContent (ContentText "2017-09-02 21:25:14")]},Element {elementName = Name {nameLocalName = "comment_status", nameNamespace = Just "http://wordpress.org/export/1.2/", namePrefix = Just "wp"}, elementAttributes = [], elementNodes = [NodeContent (ContentText "open")]},Element {elementName = Name {nameLocalName = "ping_status", nameNamespace = Just "http://wordpress.org/export/1.2/", namePrefix = Just "wp"}, elementAttributes = [], elementNodes = [NodeContent (ContentText "open")]},Element {elementName = Name {nameLocalName = "post_name", nameNamespace = Just "http://wordpress.org/export/1.2/", namePrefix = Just "wp"}, elementAttributes = [], elementNodes = [NodeContent (ContentText "announcing-testing-blog-for-hakyll-convert")]},Element {elementName = Name {nameLocalName = "status", nameNamespace = Just "http://wordpress.org/export/1.2/", namePrefix = Just "wp"}, elementAttributes = [], elementNodes = [NodeContent (ContentText "publish")]},Element {elementName = Name {nameLocalName = "post_parent", nameNamespace = Just "http://wordpress.org/export/1.2/", namePrefix = Just "wp"}, elementAttributes = [], elementNodes = [NodeContent (ContentText "0")]},Element {elementName = Name {nameLocalName = "menu_order", nameNamespace = Just "http://wordpress.org/export/1.2/", namePrefix = Just "wp"}, elementAttributes = [], elementNodes = [NodeContent (ContentText "0")]},Element {elementName = Name {nameLocalName = "post_type", nameNamespace = Just "http://wordpress.org/export/1.2/", namePrefix = Just "wp"}, elementAttributes = [], elementNodes = [NodeContent (ContentText "post")]},Element {elementName = Name {nameLocalName = "post_password", nameNamespace = Just "http://wordpress.org/export/1.2/", namePrefix = Just "wp"}, elementAttributes = [], elementNodes = []},Element {elementName = Name {nameLocalName = "is_sticky", nameNamespace = Just "http://wordpress.org/export/1.2/", namePrefix = Just "wp"}, elementAttributes = [], elementNodes = [NodeContent (ContentText "0")]},Element {elementName = Name {nameLocalName = "postmeta", nameNamespace = Just "http://wordpress.org/export/1.2/", namePrefix = Just "wp"}, elementAttributes = [], elementNodes = [NodeContent (ContentText "\n\t\t\t"),NodeElement (Element {elementName = Name {nameLocalName = "meta_key", nameNamespace = Just "http://wordpress.org/export/1.2/", namePrefix = Just "wp"}, elementAttributes = [], elementNodes = [NodeContent (ContentText "_rest_api_published")]}),NodeContent (ContentText "\n\t\t\t"),NodeElement (Element {elementName = Name {nameLocalName = "meta_value", nameNamespace = Just "http://wordpress.org/export/1.2/", namePrefix = Just "wp"}, elementAttributes = [], elementNodes = [NodeContent (ContentText "1")]}),NodeContent (ContentText "\n\t\t")]},Element {elementName = Name {nameLocalName = "postmeta", nameNamespace = Just "http://wordpress.org/export/1.2/", namePrefix = Just "wp"}, elementAttributes = [], elementNodes = [NodeContent (ContentText "\n\t\t\t"),NodeElement (Element {elementName = Name {nameLocalName = "meta_key", nameNamespace = Just "http://wordpress.org/export/1.2/", namePrefix = Just "wp"}, elementAttributes = [], elementNodes = [NodeContent (ContentText "_rest_api_client_id")]}),NodeContent (ContentText "\n\t\t\t"),NodeElement (Element {elementName = Name {nameLocalName = "meta_value", nameNamespace = Just "http://wordpress.org/export/1.2/", namePrefix = Just "wp"}, elementAttributes = [], elementNodes = [NodeContent (ContentText "-1")]}),NodeContent (ContentText "\n\t\t")]},Element {elementName = Name {nameLocalName = "postmeta", nameNamespace = Just "http://wordpress.org/export/1.2/", namePrefix = Just "wp"}, elementAttributes = [], elementNodes = [NodeContent (ContentText "\n\t\t\t"),NodeElement (Element {elementName = Name {nameLocalName = "meta_key", nameNamespace = Just "http://wordpress.org/export/1.2/", namePrefix = Just "wp"}, elementAttributes = [], elementNodes = [NodeContent (ContentText "_publicize_job_id")]}),NodeContent (ContentText "\n\t\t\t"),NodeElement (Element {elementName = Name {nameLocalName = "meta_value", nameNamespace = Just "http://wordpress.org/export/1.2/", namePrefix = Just "wp"}, elementAttributes = [], elementNodes = [NodeContent (ContentText "8892908173")]}),NodeContent (ContentText "\n\t\t")]},Element {elementName = Name {nameLocalName = "comment", nameNamespace = Just "http://wordpress.org/export/1.2/", namePrefix = Just "wp"}, elementAttributes = [], elementNodes = [NodeContent (ContentText "\n\t\t\t"),NodeElement (Element {elementName = Name {nameLocalName = "comment_id", nameNamespace = Just "http://wordpress.org/export/1.2/", namePrefix = Just "wp"}, elementAttributes = [], elementNodes = [NodeContent (ContentText "1")]}),NodeContent (ContentText "\n\t\t\t"),NodeElement (Element {elementName = Name {nameLocalName = "comment_author", nameNamespace = Just "http://wordpress.org/export/1.2/", namePrefix = Just "wp"}, elementAttributes = [], elementNodes = [NodeContent (ContentText "minorusan")]}),NodeContent (ContentText "\n\t\t\t"),NodeElement (Element {elementName = Name {nameLocalName = "comment_author_email", nameNamespace = Just "http://wordpress.org/export/1.2/", namePrefix = Just "wp"}, elementAttributes = [], elementNodes = [NodeContent (ContentText "eual.jp@gmail.com")]}),NodeContent (ContentText "\n\t\t\t"),NodeElement (Element {elementName = Name {nameLocalName = "comment_author_url", nameNamespace = Just "http://wordpress.org/export/1.2/", namePrefix = Just "wp"}, elementAttributes = [], elementNodes = [NodeContent (ContentText "http://testinghakyllconvert.wordpress.com")]}),NodeContent (ContentText "\n\t\t\t"),NodeElement (Element {elementName = Name {nameLocalName = "comment_author_IP", nameNamespace = Just "http://wordpress.org/export/1.2/", namePrefix = Just "wp"}, elementAttributes = [], elementNodes = [NodeContent (ContentText "176.14.255.168")]}),NodeContent (ContentText "\n\t\t\t"),NodeElement (Element {elementName = Name {nameLocalName = "comment_date", nameNamespace = Just "http://wordpress.org/export/1.2/", namePrefix = Just "wp"}, elementAttributes = [], elementNodes = [NodeContent (ContentText "2017-09-02 21:28:46")]}),NodeContent (ContentText "\n\t\t\t"),NodeElement (Element {elementName = Name {nameLocalName = "comment_date_gmt", nameNamespace = Just "http://wordpress.org/export/1.2/", namePrefix = Just "wp"}, elementAttributes = [], elementNodes = [NodeContent (ContentText "2017-09-02 21:28:46")]}),NodeContent (ContentText "\n\t\t\t"),NodeElement (Element {elementName = Name {nameLocalName = "comment_content", nameNamespace = Just "http://wordpress.org/export/1.2/", namePrefix = Just "wp"}, elementAttributes = [], elementNodes = [NodeContent (ContentText "This is an example comment.")]}),NodeContent (ContentText "\n\t\t\t"),NodeElement (Element {elementName = Name {nameLocalName = "comment_approved", nameNamespace = Just "http://wordpress.org/export/1.2/", namePrefix = Just "wp"}, elementAttributes = [], elementNodes = [NodeContent (ContentText "1")]}),NodeContent (ContentText "\n\t\t\t"),NodeElement (Element {elementName = Name {nameLocalName = "comment_type", nameNamespace = Just "http://wordpress.org/export/1.2/", namePrefix = Just "wp"}, elementAttributes = [], elementNodes = []}),NodeContent (ContentText "\n\t\t\t"),NodeElement (Element {elementName = Name {nameLocalName = "comment_parent", nameNamespace = Just "http://wordpress.org/export/1.2/", namePrefix = Just "wp"}, elementAttributes = [], elementNodes = [NodeContent (ContentText "0")]}),NodeContent (ContentText "\n\t\t\t"),NodeElement (Element {elementName = Name {nameLocalName = "comment_user_id", nameNamespace = Just "http://wordpress.org/export/1.2/", namePrefix = Just "wp"}, elementAttributes = [], elementNodes = [NodeContent (ContentText "12286190")]}),NodeContent (ContentText "\n\t\t\t"),NodeElement (Element {elementName = Name {nameLocalName = "commentmeta", nameNamespace = Just "http://wordpress.org/export/1.2/", namePrefix = Just "wp"}, elementAttributes = [], elementNodes = [NodeContent (ContentText "\n\t\t\t\t"),NodeElement (Element {elementName = Name {nameLocalName = "meta_key", nameNamespace = Just "http://wordpress.org/export/1.2/", namePrefix = Just "wp"}, elementAttributes = [], elementNodes = [NodeContent (ContentText "jabber_published")]}),NodeContent (ContentText "\n\t\t\t\t"),NodeElement (Element {elementName = Name {nameLocalName = "meta_value", nameNamespace = Just "http://wordpress.org/export/1.2/", namePrefix = Just "wp"}, elementAttributes = [], elementNodes = [NodeContent (ContentText "1504387726")]}),NodeContent (ContentText "\n\t\t\t")]}),NodeContent (ContentText "\n\t\t\t"),NodeElement (Element {elementName = Name {nameLocalName = "commentmeta", nameNamespace = Just "http://wordpress.org/export/1.2/", namePrefix = Just "wp"}, elementAttributes = [], elementNodes = [NodeContent (ContentText "\n\t\t\t\t"),NodeElement (Element {elementName = Name {nameLocalName = "meta_key", nameNamespace = Just "http://wordpress.org/export/1.2/", namePrefix = Just "wp"}, elementAttributes = [], elementNodes = [NodeContent (ContentText "akismet_result")]}),NodeContent (ContentText "\n\t\t\t\t"),NodeElement (Element {elementName = Name {nameLocalName = "meta_value", nameNamespace = Just "http://wordpress.org/export/1.2/", namePrefix = Just "wp"}, elementAttributes = [], elementNodes = [NodeContent (ContentText "false")]}),NodeContent (ContentText "\n\t\t\t")]}),NodeContent (ContentText "\n\t\t\t"),NodeElement (Element {elementName = Name {nameLocalName = "commentmeta", nameNamespace = Just "http://wordpress.org/export/1.2/", namePrefix = Just "wp"}, elementAttributes = [], elementNodes = [NodeContent (ContentText "\n\t\t\t\t"),NodeElement (Element {elementName = Name {nameLocalName = "meta_key", nameNamespace = Just "http://wordpress.org/export/1.2/", namePrefix = Just "wp"}, elementAttributes = [], elementNodes = [NodeContent (ContentText "akismet_history")]}),NodeContent (ContentText "\n\t\t\t\t"),NodeElement (Element {elementName = Name {nameLocalName = "meta_value", nameNamespace = Just "http://wordpress.org/export/1.2/", namePrefix = Just "wp"}, elementAttributes = [], elementNodes = [NodeContent (ContentText "a:3:{s:4:\"time\";d:1504387726.609157085418701171875;s:5:\"event\";s:9:\"check-ham\";s:4:\"user\";s:9:\"minorusan\";}")]}),NodeContent (ContentText "\n\t\t\t")]}),NodeContent (ContentText "\n\t\t\t"),NodeElement (Element {elementName = Name {nameLocalName = "commentmeta", nameNamespace = Just "http://wordpress.org/export/1.2/", namePrefix = Just "wp"}, elementAttributes = [], elementNodes = [NodeContent (ContentText "\n\t\t\t\t"),NodeElement (Element {elementName = Name {nameLocalName = "meta_key", nameNamespace = Just "http://wordpress.org/export/1.2/", namePrefix = Just "wp"}, elementAttributes = [], elementNodes = [NodeContent (ContentText "akismet_as_submitted")]}),NodeContent (ContentText "\n\t\t\t\t"),NodeElement (Element {elementName = Name {nameLocalName = "meta_value", nameNamespace = Just "http://wordpress.org/export/1.2/", namePrefix = Just "wp"}, elementAttributes = [], elementNodes = [NodeContent (ContentText "a:13:{s:14:\"comment_author\";s:9:\"minorusan\";s:20:\"comment_author_email\";s:17:\"eual.jp@gmail.com\";s:18:\"comment_author_url\";s:41:\"http://testinghakyllconvert.wordpress.com\";s:15:\"comment_content\";s:27:\"This is an example comment.\";s:12:\"comment_type\";s:0:\"\";s:7:\"user_ID\";i:12286190;s:7:\"user_id\";i:12286190;s:7:\"user_ip\";s:14:\"176.14.255.168\";s:10:\"user_agent\";s:68:\"Mozilla/5.0 (X11; Linux x86_64; rv:52.0) Gecko/20100101 Firefox/52.0\";s:4:\"blog\";s:41:\"http://testinghakyllconvert.wordpress.com\";s:9:\"blog_lang\";s:2:\"en\";s:12:\"blog_charset\";s:5:\"UTF-8\";s:9:\"permalink\";s:97:\"https://testinghakyllconvert.wordpress.com/2017/09/02/announcing-testing-blog-for-hakyll-convert/\";}")]}),NodeContent (ContentText "\n\t\t\t")]}),NodeContent (ContentText "\n\t\t\t"),NodeElement (Element {elementName = Name {nameLocalName = "commentmeta", nameNamespace = Just "http://wordpress.org/export/1.2/", namePrefix = Just "wp"}, elementAttributes = [], elementNodes = [NodeContent (ContentText "\n\t\t\t\t"),NodeElement (Element {elementName = Name {nameLocalName = "meta_key", nameNamespace = Just "http://wordpress.org/export/1.2/", namePrefix = Just "wp"}, elementAttributes = [], elementNodes = [NodeContent (ContentText "email_notification_notqueued")]}),NodeContent (ContentText "\n\t\t\t\t"),NodeElement (Element {elementName = Name {nameLocalName = "meta_value", nameNamespace = Just "http://wordpress.org/export/1.2/", namePrefix = Just "wp"}, elementAttributes = [], elementNodes = [NodeContent (ContentText "1504387726")]}),NodeContent (ContentText "\n\t\t\t")]}),NodeContent (ContentText "\n\t\t")]}]}