RSSItem {rssItemTitle = Just "About", rssItemLink = Just "https://testinghakyllconvert.wordpress.com/about/", rssItemDescription = Just "", rssItemAuthor = Just "minorusan", rssItemCategories = [], rssItemComments = Nothing, rssItemEnclosure = Nothing, rssItemGuid = Just (RSSGuid {rssGuidPermanentURL = Just False, rssGuidAttrs = [], rssGuidValue = "https://testinghakyllconvert.wordpress.com/?page_id=2"}), rssItemPubDate = Just "Sat, 02 Sep 2017 21:05:36 +0000", rssItemSource = Nothing, rssItemAttrs = [], rssItemOther = [Element {elementName = Name {nameLocalName = "creator", nameNamespace = Just "http://purl.org/dc/elements/1.1/", namePrefix = Just "dc"}, elementAttributes = [], elementNodes = [NodeContent (ContentText "minorusan")]},Element {elementName = Name {nameLocalName = "encoded", nameNamespace = Just "http://purl.org/rss/1.0/modules/content/", namePrefix = Just "content"}, elementAttributes = [], elementNodes = [NodeContent (ContentText "This is an example of an about page. Unlike posts, pages are better suited for more timeless content that you want to be easily accessible, like your About or Contact information. Click the Edit link to make changes to this page or <a href=\"https://wordpress.com/page\">add another page</a>.")]},Element {elementName = Name {nameLocalName = "encoded", nameNamespace = Just "http://wordpress.org/export/1.2/excerpt/", namePrefix = Just "excerpt"}, elementAttributes = [], elementNodes = [NodeContent (ContentText "This is just a short excerpt for the about&nbsp;page.")]},Element {elementName = Name {nameLocalName = "post_id", nameNamespace = Just "http://wordpress.org/export/1.2/", namePrefix = Just "wp"}, elementAttributes = [], elementNodes = [NodeContent (ContentText "2")]},Element {elementName = Name {nameLocalName = "post_date", nameNamespace = Just "http://wordpress.org/export/1.2/", namePrefix = Just "wp"}, elementAttributes = [], elementNodes = [NodeContent (ContentText "2017-09-02 21:05:36")]},Element {elementName = Name {nameLocalName = "post_date_gmt", nameNamespace = Just "http://wordpress.org/export/1.2/", namePrefix = Just "wp"}, elementAttributes = [], elementNodes = [NodeContent (ContentText "2017-09-02 21:05:36")]},Element {elementName = Name {nameLocalName = "comment_status", nameNamespace = Just "http://wordpress.org/export/1.2/", namePrefix = Just "wp"}, elementAttributes = [], elementNodes = [NodeContent (ContentText "closed")]},Element {elementName = Name {nameLocalName = "ping_status", nameNamespace = Just "http://wordpress.org/export/1.2/", namePrefix = Just "wp"}, elementAttributes = [], elementNodes = [NodeContent (ContentText "closed")]},Element {elementName = Name {nameLocalName = "post_name", nameNamespace = Just "http://wordpress.org/export/1.2/", namePrefix = Just "wp"}, elementAttributes = [], elementNodes = [NodeContent (ContentText "about")]},Element {elementName = Name {nameLocalName = "status", nameNamespace = Just "http://wordpress.org/export/1.2/", namePrefix = Just "wp"}, elementAttributes = [], elementNodes = [NodeContent (ContentText "publish")]},Element {elementName = Name {nameLocalName = "post_parent", nameNamespace = Just "http://wordpress.org/export/1.2/", namePrefix = Just "wp"}, elementAttributes = [], elementNodes = [NodeContent (ContentText "0")]},Element {elementName = Name {nameLocalName = "menu_order", nameNamespace = Just "http://wordpress.org/export/1.2/", namePrefix = Just "wp"}, elementAttributes = [], elementNodes = [NodeContent (ContentText "1")]},Element {elementName = Name {nameLocalName = "post_type", nameNamespace = Just "http://wordpress.org/export/1.2/", namePrefix = Just "wp"}, elementAttributes = [], elementNodes = [NodeContent (ContentText "page")]},Element {elementName = Name {nameLocalName = "post_password", nameNamespace = Just "http://wordpress.org/export/1.2/", namePrefix = Just "wp"}, elementAttributes = [], elementNodes = []},Element {elementName = Name {nameLocalName = "is_sticky", nameNamespace = Just "http://wordpress.org/export/1.2/", namePrefix = Just "wp"}, elementAttributes = [], elementNodes = [NodeContent (ContentText "0")]},Element {elementName = Name {nameLocalName = "postmeta", nameNamespace = Just "http://wordpress.org/export/1.2/", namePrefix = Just "wp"}, elementAttributes = [], elementNodes = [NodeContent (ContentText "\n\t\t\t"),NodeElement (Element {elementName = Name {nameLocalName = "meta_key", nameNamespace = Just "http://wordpress.org/export/1.2/", namePrefix = Just "wp"}, elementAttributes = [], elementNodes = [NodeContent (ContentText "_headstart_post")]}),NodeContent (ContentText "\n\t\t\t"),NodeElement (Element {elementName = Name {nameLocalName = "meta_value", nameNamespace = Just "http://wordpress.org/export/1.2/", namePrefix = Just "wp"}, elementAttributes = [], elementNodes = [NodeContent (ContentText "_hs_front_page")]}),NodeContent (ContentText "\n\t\t")]},Element {elementName = Name {nameLocalName = "postmeta", nameNamespace = Just "http://wordpress.org/export/1.2/", namePrefix = Just "wp"}, elementAttributes = [], elementNodes = [NodeContent (ContentText "\n\t\t\t"),NodeElement (Element {elementName = Name {nameLocalName = "meta_key", nameNamespace = Just "http://wordpress.org/export/1.2/", namePrefix = Just "wp"}, elementAttributes = [], elementNodes = [NodeContent (ContentText "sharing_disabled")]}),NodeContent (ContentText "\n\t\t\t"),NodeElement (Element {elementName = Name {nameLocalName = "meta_value", nameNamespace = Just "http://wordpress.org/export/1.2/", namePrefix = Just "wp"}, elementAttributes = [], elementNodes = [NodeContent (ContentText "a:1:{i:0;i:1;}")]}),NodeContent (ContentText "\n\t\t")]},Element {elementName = Name {nameLocalName = "postmeta", nameNamespace = Just "http://wordpress.org/export/1.2/", namePrefix = Just "wp"}, elementAttributes = [], elementNodes = [NodeContent (ContentText "\n\t\t\t"),NodeElement (Element {elementName = Name {nameLocalName = "meta_key", nameNamespace = Just "http://wordpress.org/export/1.2/", namePrefix = Just "wp"}, elementAttributes = [], elementNodes = [NodeContent (ContentText "switch_like_status")]}),NodeContent (ContentText "\n\t\t\t"),NodeElement (Element {elementName = Name {nameLocalName = "meta_value", nameNamespace = Just "http://wordpress.org/export/1.2/", namePrefix = Just "wp"}, elementAttributes = [], elementNodes = [NodeContent (ContentText "a:1:{i:0;i:1;}")]}),NodeContent (ContentText "\n\t\t")]},Element {elementName = Name {nameLocalName = "postmeta", nameNamespace = Just "http://wordpress.org/export/1.2/", namePrefix = Just "wp"}, elementAttributes = [], elementNodes = [NodeContent (ContentText "\n\t\t\t"),NodeElement (Element {elementName = Name {nameLocalName = "meta_key", nameNamespace = Just "http://wordpress.org/export/1.2/", namePrefix = Just "wp"}, elementAttributes = [], elementNodes = [NodeContent (ContentText "_wpas_skip_all_services")]}),NodeContent (ContentText "\n\t\t\t"),NodeElement (Element {elementName = Name {nameLocalName = "meta_value", nameNamespace = Just "http://wordpress.org/export/1.2/", namePrefix = Just "wp"}, elementAttributes = [], elementNodes = [NodeContent (ContentText "1")]}),NodeContent (ContentText "\n\t\t")]},Element {elementName = Name {nameLocalName = "postmeta", nameNamespace = Just "http://wordpress.org/export/1.2/", namePrefix = Just "wp"}, elementAttributes = [], elementNodes = [NodeContent (ContentText "\n\t\t\t"),NodeElement (Element {elementName = Name {nameLocalName = "meta_key", nameNamespace = Just "http://wordpress.org/export/1.2/", namePrefix = Just "wp"}, elementAttributes = [], elementNodes = [NodeContent (ContentText "_publicize_pending")]}),NodeContent (ContentText "\n\t\t\t"),NodeElement (Element {elementName = Name {nameLocalName = "meta_value", nameNamespace = Just "http://wordpress.org/export/1.2/", namePrefix = Just "wp"}, elementAttributes = [], elementNodes = [NodeContent (ContentText "1")]}),NodeContent (ContentText "\n\t\t")]},Element {elementName = Name {nameLocalName = "postmeta", nameNamespace = Just "http://wordpress.org/export/1.2/", namePrefix = Just "wp"}, elementAttributes = [], elementNodes = [NodeContent (ContentText "\n\t\t\t"),NodeElement (Element {elementName = Name {nameLocalName = "meta_key", nameNamespace = Just "http://wordpress.org/export/1.2/", namePrefix = Just "wp"}, elementAttributes = [], elementNodes = [NodeContent (ContentText "_thumbnail_id")]}),NodeContent (ContentText "\n\t\t\t"),NodeElement (Element {elementName = Name {nameLocalName = "meta_value", nameNamespace = Just "http://wordpress.org/export/1.2/", namePrefix = Just "wp"}, elementAttributes = [], elementNodes = [NodeContent (ContentText "15")]}),NodeContent (ContentText "\n\t\t")]}]}