RSSItem {rssItemTitle = Just "", rssItemLink = Just "https://testinghakyllconvert.wordpress.com/2017/09/02/9/", rssItemDescription = Just "", rssItemAuthor = Just "minorusan", rssItemCategories = [RSSCategory {rssCategoryDomain = Just "nav_menu", rssCategoryAttrs = [Attr {attrKey = QName {qName = "nicename", qURI = Nothing, qPrefix = Nothing}, attrVal = "primary"}], rssCategoryValue = "Primary"}], rssItemComments = Nothing, rssItemEnclosure = Nothing, rssItemGuid = Just (RSSGuid {rssGuidPermanentURL = Just False, rssGuidAttrs = [], rssGuidValue = "https://testinghakyllconvert.wordpress.com/2017/09/02/9/"}), rssItemPubDate = Just "Sat, 02 Sep 2017 21:10:36 +0000", rssItemSource = Nothing, rssItemAttrs = [], rssItemOther = [Element {elName = QName {qName = "creator", qURI = Just "http://purl.org/dc/elements/1.1/", qPrefix = Just "dc"}, elAttribs = [], elContent = [Text (CData {cdVerbatim = CDataText, cdData = "minorusan", cdLine = Just 260})], elLine = Just 260},Element {elName = QName {qName = "encoded", qURI = Just "http://purl.org/rss/1.0/modules/content/", qPrefix = Just "content"}, elAttribs = [], elContent = [Text (CData {cdVerbatim = CDataVerbatim, cdData = " ", cdLine = Just 263})], elLine = Just 263},Element {elName = QName {qName = "encoded", qURI = Just "http://wordpress.org/export/1.2/excerpt/", qPrefix = Just "excerpt"}, elAttribs = [], elContent = [Text (CData {cdVerbatim = CDataVerbatim, cdData = "", cdLine = Just 264})], elLine = Just 264},Element {elName = QName {qName = "post_id", qURI = Just "http://wordpress.org/export/1.2/", qPrefix = Just "wp"}, elAttribs = [], elContent = [Text (CData {cdVerbatim = CDataText, cdData = "9", cdLine = Just 265})], elLine = Just 265},Element {elName = QName {qName = "post_date", qURI = Just "http://wordpress.org/export/1.2/", qPrefix = Just "wp"}, elAttribs = [], elContent = [Text (CData {cdVerbatim = CDataText, cdData = "2017-09-02 21:10:36", cdLine = Just 266})], elLine = Just 266},Element {elName = QName {qName = "post_date_gmt", qURI = Just "http://wordpress.org/export/1.2/", qPrefix = Just "wp"}, elAttribs = [], elContent = [Text (CData {cdVerbatim = CDataText, cdData = "2017-09-02 21:10:36", cdLine = Just 267})], elLine = Just 267},Element {elName = QName {qName = "comment_status", qURI = Just "http://wordpress.org/export/1.2/", qPrefix = Just "wp"}, elAttribs = [], elContent = [Text (CData {cdVerbatim = CDataText, cdData = "closed", cdLine = Just 268})], elLine = Just 268},Element {elName = QName {qName = "ping_status", qURI = Just "http://wordpress.org/export/1.2/", qPrefix = Just "wp"}, elAttribs = [], elContent = [Text (CData {cdVerbatim = CDataText, cdData = "closed", cdLine = Just 269})], elLine = Just 269},Element {elName = QName {qName = "post_name", qURI = Just "http://wordpress.org/export/1.2/", qPrefix = Just "wp"}, elAttribs = [], elContent = [Text (CData {cdVerbatim = CDataText, cdData = "9", cdLine = Just 270})], elLine = Just 270},Element {elName = QName {qName = "status", qURI = Just "http://wordpress.org/export/1.2/", qPrefix = Just "wp"}, elAttribs = [], elContent = [Text (CData {cdVerbatim = CDataText, cdData = "publish", cdLine = Just 271})], elLine = Just 271},Element {elName = QName {qName = "post_parent", qURI = Just "http://wordpress.org/export/1.2/", qPrefix = Just "wp"}, elAttribs = [], elContent = [Text (CData {cdVerbatim = CDataText, cdData = "0", cdLine = Just 272})], elLine = Just 272},Element {elName = QName {qName = "menu_order", qURI = Just "http://wordpress.org/export/1.2/", qPrefix = Just "wp"}, elAttribs = [], elContent = [Text (CData {cdVerbatim = CDataText, cdData = "1", cdLine = Just 273})], elLine = Just 273},Element {elName = QName {qName = "post_type", qURI = Just "http://wordpress.org/export/1.2/", qPrefix = Just "wp"}, elAttribs = [], elContent = [Text (CData {cdVerbatim = CDataText, cdData = "nav_menu_item", cdLine = Just 274})], elLine = Just 274},Element {elName = QName {qName = "post_password", qURI = Just "http://wordpress.org/export/1.2/", qPrefix = Just "wp"}, elAttribs = [], elContent = [], elLine = Just 275},Element {elName = QName {qName = "is_sticky", qURI = Just "http://wordpress.org/export/1.2/", qPrefix = Just "wp"}, elAttribs = [], elContent = [Text (CData {cdVerbatim = CDataText, cdData = "0", cdLine = Just 276})], elLine = Just 276},Element {elName = QName {qName = "postmeta", qURI = Just "http://wordpress.org/export/1.2/", qPrefix = Just "wp"}, elAttribs = [], elContent = [Text (CData {cdVerbatim = CDataText, cdData = "\n\t\t\t", cdLine = Just 278}),Elem (Element {elName = QName {qName = "meta_key", qURI = Just "http://wordpress.org/export/1.2/", qPrefix = Just "wp"}, elAttribs = [], elContent = [Text (CData {cdVerbatim = CDataText, cdData = "_publicize_pending", cdLine = Just 279})], elLine = Just 279}),Text (CData {cdVerbatim = CDataText, cdData = "\n\t\t\t", cdLine = Just 279}),Elem (Element {elName = QName {qName = "meta_value", qURI = Just "http://wordpress.org/export/1.2/", qPrefix = Just "wp"}, elAttribs = [], elContent = [Text (CData {cdVerbatim = CDataVerbatim, cdData = "1", cdLine = Just 280})], elLine = Just 280}),Text (CData {cdVerbatim = CDataText, cdData = "\n\t\t", cdLine = Just 280})], elLine = Just 278},Element {elName = QName {qName = "postmeta", qURI = Just "http://wordpress.org/export/1.2/", qPrefix = Just "wp"}, elAttribs = [], elContent = [Text (CData {cdVerbatim = CDataText, cdData = "\n\t\t\t", cdLine = Just 282}),Elem (Element {elName = QName {qName = "meta_key", qURI = Just "http://wordpress.org/export/1.2/", qPrefix = Just "wp"}, elAttribs = [], elContent = [Text (CData {cdVerbatim = CDataText, cdData = "_menu_item_type", cdLine = Just 283})], elLine = Just 283}),Text (CData {cdVerbatim = CDataText, cdData = "\n\t\t\t", cdLine = Just 283}),Elem (Element {elName = QName {qName = "meta_value", qURI = Just "http://wordpress.org/export/1.2/", qPrefix = Just "wp"}, elAttribs = [], elContent = [Text (CData {cdVerbatim = CDataVerbatim, cdData = "post_type", cdLine = Just 284})], elLine = Just 284}),Text (CData {cdVerbatim = CDataText, cdData = "\n\t\t", cdLine = Just 284})], elLine = Just 282},Element {elName = QName {qName = "postmeta", qURI = Just "http://wordpress.org/export/1.2/", qPrefix = Just "wp"}, elAttribs = [], elContent = [Text (CData {cdVerbatim = CDataText, cdData = "\n\t\t\t", cdLine = Just 286}),Elem (Element {elName = QName {qName = "meta_key", qURI = Just "http://wordpress.org/export/1.2/", qPrefix = Just "wp"}, elAttribs = [], elContent = [Text (CData {cdVerbatim = CDataText, cdData = "_menu_item_menu_item_parent", cdLine = Just 287})], elLine = Just 287}),Text (CData {cdVerbatim = CDataText, cdData = "\n\t\t\t", cdLine = Just 287}),Elem (Element {elName = QName {qName = "meta_value", qURI = Just "http://wordpress.org/export/1.2/", qPrefix = Just "wp"}, elAttribs = [], elContent = [Text (CData {cdVerbatim = CDataVerbatim, cdData = "0", cdLine = Just 288})], elLine = Just 288}),Text (CData {cdVerbatim = CDataText, cdData = "\n\t\t", cdLine = Just 288})], elLine = Just 286},Element {elName = QName {qName = "postmeta", qURI = Just "http://wordpress.org/export/1.2/", qPrefix = Just "wp"}, elAttribs = [], elContent = [Text (CData {cdVerbatim = CDataText, cdData = "\n\t\t\t", cdLine = Just 290}),Elem (Element {elName = QName {qName = "meta_key", qURI = Just "http://wordpress.org/export/1.2/", qPrefix = Just "wp"}, elAttribs = [], elContent = [Text (CData {cdVerbatim = CDataText, cdData = "_menu_item_object_id", cdLine = Just 291})], elLine = Just 291}),Text (CData {cdVerbatim = CDataText, cdData = "\n\t\t\t", cdLine = Just 291}),Elem (Element {elName = QName {qName = "meta_value", qURI = Just "http://wordpress.org/export/1.2/", qPrefix = Just "wp"}, elAttribs = [], elContent = [Text (CData {cdVerbatim = CDataVerbatim, cdData = "2", cdLine = Just 292})], elLine = Just 292}),Text (CData {cdVerbatim = CDataText, cdData = "\n\t\t", cdLine = Just 292})], elLine = Just 290},Element {elName = QName {qName = "postmeta", qURI = Just "http://wordpress.org/export/1.2/", qPrefix = Just "wp"}, elAttribs = [], elContent = [Text (CData {cdVerbatim = CDataText, cdData = "\n\t\t\t", cdLine = Just 294}),Elem (Element {elName = QName {qName = "meta_key", qURI = Just "http://wordpress.org/export/1.2/", qPrefix = Just "wp"}, elAttribs = [], elContent = [Text (CData {cdVerbatim = CDataText, cdData = "_menu_item_object", cdLine = Just 295})], elLine = Just 295}),Text (CData {cdVerbatim = CDataText, cdData = "\n\t\t\t", cdLine = Just 295}),Elem (Element {elName = QName {qName = "meta_value", qURI = Just "http://wordpress.org/export/1.2/", qPrefix = Just "wp"}, elAttribs = [], elContent = [Text (CData {cdVerbatim = CDataVerbatim, cdData = "page", cdLine = Just 296})], elLine = Just 296}),Text (CData {cdVerbatim = CDataText, cdData = "\n\t\t", cdLine = Just 296})], elLine = Just 294},Element {elName = QName {qName = "postmeta", qURI = Just "http://wordpress.org/export/1.2/", qPrefix = Just "wp"}, elAttribs = [], elContent = [Text (CData {cdVerbatim = CDataText, cdData = "\n\t\t\t", cdLine = Just 298}),Elem (Element {elName = QName {qName = "meta_key", qURI = Just "http://wordpress.org/export/1.2/", qPrefix = Just "wp"}, elAttribs = [], elContent = [Text (CData {cdVerbatim = CDataText, cdData = "_menu_item_target", cdLine = Just 299})], elLine = Just 299}),Text (CData {cdVerbatim = CDataText, cdData = "\n\t\t\t", cdLine = Just 299}),Elem (Element {elName = QName {qName = "meta_value", qURI = Just "http://wordpress.org/export/1.2/", qPrefix = Just "wp"}, elAttribs = [], elContent = [Text (CData {cdVerbatim = CDataVerbatim, cdData = "", cdLine = Just 300})], elLine = Just 300}),Text (CData {cdVerbatim = CDataText, cdData = "\n\t\t", cdLine = Just 300})], elLine = Just 298},Element {elName = QName {qName = "postmeta", qURI = Just "http://wordpress.org/export/1.2/", qPrefix = Just "wp"}, elAttribs = [], elContent = [Text (CData {cdVerbatim = CDataText, cdData = "\n\t\t\t", cdLine = Just 302}),Elem (Element {elName = QName {qName = "meta_key", qURI = Just "http://wordpress.org/export/1.2/", qPrefix = Just "wp"}, elAttribs = [], elContent = [Text (CData {cdVerbatim = CDataText, cdData = "_menu_item_classes", cdLine = Just 303})], elLine = Just 303}),Text (CData {cdVerbatim = CDataText, cdData = "\n\t\t\t", cdLine = Just 303}),Elem (Element {elName = QName {qName = "meta_value", qURI = Just "http://wordpress.org/export/1.2/", qPrefix = Just "wp"}, elAttribs = [], elContent = [Text (CData {cdVerbatim = CDataVerbatim, cdData = "a:1:{i:0;s:0:\"\";}", cdLine = Just 304})], elLine = Just 304}),Text (CData {cdVerbatim = CDataText, cdData = "\n\t\t", cdLine = Just 304})], elLine = Just 302},Element {elName = QName {qName = "postmeta", qURI = Just "http://wordpress.org/export/1.2/", qPrefix = Just "wp"}, elAttribs = [], elContent = [Text (CData {cdVerbatim = CDataText, cdData = "\n\t\t\t", cdLine = Just 306}),Elem (Element {elName = QName {qName = "meta_key", qURI = Just "http://wordpress.org/export/1.2/", qPrefix = Just "wp"}, elAttribs = [], elContent = [Text (CData {cdVerbatim = CDataText, cdData = "_menu_item_xfn", cdLine = Just 307})], elLine = Just 307}),Text (CData {cdVerbatim = CDataText, cdData = "\n\t\t\t", cdLine = Just 307}),Elem (Element {elName = QName {qName = "meta_value", qURI = Just "http://wordpress.org/export/1.2/", qPrefix = Just "wp"}, elAttribs = [], elContent = [Text (CData {cdVerbatim = CDataVerbatim, cdData = "", cdLine = Just 308})], elLine = Just 308}),Text (CData {cdVerbatim = CDataText, cdData = "\n\t\t", cdLine = Just 308})], elLine = Just 306},Element {elName = QName {qName = "postmeta", qURI = Just "http://wordpress.org/export/1.2/", qPrefix = Just "wp"}, elAttribs = [], elContent = [Text (CData {cdVerbatim = CDataText, cdData = "\n\t\t\t", cdLine = Just 310}),Elem (Element {elName = QName {qName = "meta_key", qURI = Just "http://wordpress.org/export/1.2/", qPrefix = Just "wp"}, elAttribs = [], elContent = [Text (CData {cdVerbatim = CDataText, cdData = "_menu_item_url", cdLine = Just 311})], elLine = Just 311}),Text (CData {cdVerbatim = CDataText, cdData = "\n\t\t\t", cdLine = Just 311}),Elem (Element {elName = QName {qName = "meta_value", qURI = Just "http://wordpress.org/export/1.2/", qPrefix = Just "wp"}, elAttribs = [], elContent = [Text (CData {cdVerbatim = CDataVerbatim, cdData = "", cdLine = Just 312})], elLine = Just 312}),Text (CData {cdVerbatim = CDataText, cdData = "\n\t\t", cdLine = Just 312})], elLine = Just 310}]}