RSSItem {rssItemTitle = Just "First blog post", rssItemLink = Just "https://testinghakyllconvert.wordpress.com/2017/09/02/first-blog-post/", rssItemDescription = Just "", rssItemAuthor = Just "minorusan", rssItemCategories = [RSSCategory {rssCategoryDomain = Just "category", rssCategoryAttrs = [Attr {attrKey = QName {qName = "nicename", qURI = Nothing, qPrefix = Nothing}, attrVal = "uncategorized"}], rssCategoryValue = "Uncategorized"}], rssItemComments = Nothing, rssItemEnclosure = Nothing, rssItemGuid = Just (RSSGuid {rssGuidPermanentURL = Just False, rssGuidAttrs = [], rssGuidValue = "https://testinghakyllconvert.wordpress.com/?p=4"}), rssItemPubDate = Just "Sat, 02 Sep 2017 21:05:34 +0000", rssItemSource = Nothing, rssItemAttrs = [], rssItemOther = [Element {elName = QName {qName = "creator", qURI = Just "http://purl.org/dc/elements/1.1/", qPrefix = Just "dc"}, elAttribs = [], elContent = [Text (CData {cdVerbatim = CDataText, cdData = "minorusan", cdLine = Just 154})], elLine = Just 154},Element {elName = QName {qName = "encoded", qURI = Just "http://purl.org/rss/1.0/modules/content/", qPrefix = Just "content"}, elAttribs = [], elContent = [Text (CData {cdVerbatim = CDataVerbatim, cdData = "This is your very first post. Click the Edit link to modify or delete it, or <a href=\"https://wordpress.com/post\">start a new post</a>. If you like, use this post to tell readers why you started this blog and what you plan to do with it.", cdLine = Just 157})], elLine = Just 157},Element {elName = QName {qName = "encoded", qURI = Just "http://wordpress.org/export/1.2/excerpt/", qPrefix = Just "excerpt"}, elAttribs = [], elContent = [Text (CData {cdVerbatim = CDataVerbatim, cdData = "This is the excerpt for your very first post.", cdLine = Just 158})], elLine = Just 158},Element {elName = QName {qName = "post_id", qURI = Just "http://wordpress.org/export/1.2/", qPrefix = Just "wp"}, elAttribs = [], elContent = [Text (CData {cdVerbatim = CDataText, cdData = "4", cdLine = Just 159})], elLine = Just 159},Element {elName = QName {qName = "post_date", qURI = Just "http://wordpress.org/export/1.2/", qPrefix = Just "wp"}, elAttribs = [], elContent = [Text (CData {cdVerbatim = CDataText, cdData = "2017-09-02 21:05:34", cdLine = Just 160})], elLine = Just 160},Element {elName = QName {qName = "post_date_gmt", qURI = Just "http://wordpress.org/export/1.2/", qPrefix = Just "wp"}, elAttribs = [], elContent = [Text (CData {cdVerbatim = CDataText, cdData = "2017-09-02 21:05:34", cdLine = Just 161})], elLine = Just 161},Element {elName = QName {qName = "comment_status", qURI = Just "http://wordpress.org/export/1.2/", qPrefix = Just "wp"}, elAttribs = [], elContent = [Text (CData {cdVerbatim = CDataText, cdData = "open", cdLine = Just 162})], elLine = Just 162},Element {elName = QName {qName = "ping_status", qURI = Just "http://wordpress.org/export/1.2/", qPrefix = Just "wp"}, elAttribs = [], elContent = [Text (CData {cdVerbatim = CDataText, cdData = "open", cdLine = Just 163})], elLine = Just 163},Element {elName = QName {qName = "post_name", qURI = Just "http://wordpress.org/export/1.2/", qPrefix = Just "wp"}, elAttribs = [], elContent = [Text (CData {cdVerbatim = CDataText, cdData = "first-blog-post", cdLine = Just 164})], elLine = Just 164},Element {elName = QName {qName = "status", qURI = Just "http://wordpress.org/export/1.2/", qPrefix = Just "wp"}, elAttribs = [], elContent = [Text (CData {cdVerbatim = CDataText, cdData = "publish", cdLine = Just 165})], elLine = Just 165},Element {elName = QName {qName = "post_parent", qURI = Just "http://wordpress.org/export/1.2/", qPrefix = Just "wp"}, elAttribs = [], elContent = [Text (CData {cdVerbatim = CDataText, cdData = "0", cdLine = Just 166})], elLine = Just 166},Element {elName = QName {qName = "menu_order", qURI = Just "http://wordpress.org/export/1.2/", qPrefix = Just "wp"}, elAttribs = [], elContent = [Text (CData {cdVerbatim = CDataText, cdData = "1", cdLine = Just 167})], elLine = Just 167},Element {elName = QName {qName = "post_type", qURI = Just "http://wordpress.org/export/1.2/", qPrefix = Just "wp"}, elAttribs = [], elContent = [Text (CData {cdVerbatim = CDataText, cdData = "post", cdLine = Just 168})], elLine = Just 168},Element {elName = QName {qName = "post_password", qURI = Just "http://wordpress.org/export/1.2/", qPrefix = Just "wp"}, elAttribs = [], elContent = [], elLine = Just 169},Element {elName = QName {qName = "is_sticky", qURI = Just "http://wordpress.org/export/1.2/", qPrefix = Just "wp"}, elAttribs = [], elContent = [Text (CData {cdVerbatim = CDataText, cdData = "0", cdLine = Just 170})], elLine = Just 170},Element {elName = QName {qName = "postmeta", qURI = Just "http://wordpress.org/export/1.2/", qPrefix = Just "wp"}, elAttribs = [], elContent = [Text (CData {cdVerbatim = CDataText, cdData = "\n\t\t\t", cdLine = Just 172}),Elem (Element {elName = QName {qName = "meta_key", qURI = Just "http://wordpress.org/export/1.2/", qPrefix = Just "wp"}, elAttribs = [], elContent = [Text (CData {cdVerbatim = CDataText, cdData = "_headstart_post", cdLine = Just 173})], elLine = Just 173}),Text (CData {cdVerbatim = CDataText, cdData = "\n\t\t\t", cdLine = Just 173}),Elem (Element {elName = QName {qName = "meta_value", qURI = Just "http://wordpress.org/export/1.2/", qPrefix = Just "wp"}, elAttribs = [], elContent = [Text (CData {cdVerbatim = CDataVerbatim, cdData = "_hs_first_post", cdLine = Just 174})], elLine = Just 174}),Text (CData {cdVerbatim = CDataText, cdData = "\n\t\t", cdLine = Just 174})], elLine = Just 172},Element {elName = QName {qName = "postmeta", qURI = Just "http://wordpress.org/export/1.2/", qPrefix = Just "wp"}, elAttribs = [], elContent = [Text (CData {cdVerbatim = CDataText, cdData = "\n\t\t\t", cdLine = Just 176}),Elem (Element {elName = QName {qName = "meta_key", qURI = Just "http://wordpress.org/export/1.2/", qPrefix = Just "wp"}, elAttribs = [], elContent = [Text (CData {cdVerbatim = CDataText, cdData = "sharing_disabled", cdLine = Just 177})], elLine = Just 177}),Text (CData {cdVerbatim = CDataText, cdData = "\n\t\t\t", cdLine = Just 177}),Elem (Element {elName = QName {qName = "meta_value", qURI = Just "http://wordpress.org/export/1.2/", qPrefix = Just "wp"}, elAttribs = [], elContent = [Text (CData {cdVerbatim = CDataVerbatim, cdData = "a:1:{i:0;i:1;}", cdLine = Just 178})], elLine = Just 178}),Text (CData {cdVerbatim = CDataText, cdData = "\n\t\t", cdLine = Just 178})], elLine = Just 176},Element {elName = QName {qName = "postmeta", qURI = Just "http://wordpress.org/export/1.2/", qPrefix = Just "wp"}, elAttribs = [], elContent = [Text (CData {cdVerbatim = CDataText, cdData = "\n\t\t\t", cdLine = Just 180}),Elem (Element {elName = QName {qName = "meta_key", qURI = Just "http://wordpress.org/export/1.2/", qPrefix = Just "wp"}, elAttribs = [], elContent = [Text (CData {cdVerbatim = CDataText, cdData = "switch_like_status", cdLine = Just 181})], elLine = Just 181}),Text (CData {cdVerbatim = CDataText, cdData = "\n\t\t\t", cdLine = Just 181}),Elem (Element {elName = QName {qName = "meta_value", qURI = Just "http://wordpress.org/export/1.2/", qPrefix = Just "wp"}, elAttribs = [], elContent = [Text (CData {cdVerbatim = CDataVerbatim, cdData = "a:1:{i:0;i:1;}", cdLine = Just 182})], elLine = Just 182}),Text (CData {cdVerbatim = CDataText, cdData = "\n\t\t", cdLine = Just 182})], elLine = Just 180},Element {elName = QName {qName = "postmeta", qURI = Just "http://wordpress.org/export/1.2/", qPrefix = Just "wp"}, elAttribs = [], elContent = [Text (CData {cdVerbatim = CDataText, cdData = "\n\t\t\t", cdLine = Just 184}),Elem (Element {elName = QName {qName = "meta_key", qURI = Just "http://wordpress.org/export/1.2/", qPrefix = Just "wp"}, elAttribs = [], elContent = [Text (CData {cdVerbatim = CDataText, cdData = "_wpas_skip_all_services", cdLine = Just 185})], elLine = Just 185}),Text (CData {cdVerbatim = CDataText, cdData = "\n\t\t\t", cdLine = Just 185}),Elem (Element {elName = QName {qName = "meta_value", qURI = Just "http://wordpress.org/export/1.2/", qPrefix = Just "wp"}, elAttribs = [], elContent = [Text (CData {cdVerbatim = CDataVerbatim, cdData = "1", cdLine = Just 186})], elLine = Just 186}),Text (CData {cdVerbatim = CDataText, cdData = "\n\t\t", cdLine = Just 186})], elLine = Just 184},Element {elName = QName {qName = "postmeta", qURI = Just "http://wordpress.org/export/1.2/", qPrefix = Just "wp"}, elAttribs = [], elContent = [Text (CData {cdVerbatim = CDataText, cdData = "\n\t\t\t", cdLine = Just 188}),Elem (Element {elName = QName {qName = "meta_key", qURI = Just "http://wordpress.org/export/1.2/", qPrefix = Just "wp"}, elAttribs = [], elContent = [Text (CData {cdVerbatim = CDataText, cdData = "_publicize_pending", cdLine = Just 189})], elLine = Just 189}),Text (CData {cdVerbatim = CDataText, cdData = "\n\t\t\t", cdLine = Just 189}),Elem (Element {elName = QName {qName = "meta_value", qURI = Just "http://wordpress.org/export/1.2/", qPrefix = Just "wp"}, elAttribs = [], elContent = [Text (CData {cdVerbatim = CDataVerbatim, cdData = "1", cdLine = Just 190})], elLine = Just 190}),Text (CData {cdVerbatim = CDataText, cdData = "\n\t\t", cdLine = Just 190})], elLine = Just 188},Element {elName = QName {qName = "postmeta", qURI = Just "http://wordpress.org/export/1.2/", qPrefix = Just "wp"}, elAttribs = [], elContent = [Text (CData {cdVerbatim = CDataText, cdData = "\n\t\t\t", cdLine = Just 192}),Elem (Element {elName = QName {qName = "meta_key", qURI = Just "http://wordpress.org/export/1.2/", qPrefix = Just "wp"}, elAttribs = [], elContent = [Text (CData {cdVerbatim = CDataText, cdData = "_thumbnail_id", cdLine = Just 193})], elLine = Just 193}),Text (CData {cdVerbatim = CDataText, cdData = "\n\t\t\t", cdLine = Just 193}),Elem (Element {elName = QName {qName = "meta_value", qURI = Just "http://wordpress.org/export/1.2/", qPrefix = Just "wp"}, elAttribs = [], elContent = [Text (CData {cdVerbatim = CDataVerbatim, cdData = "17", cdLine = Just 194})], elLine = Just 194}),Text (CData {cdVerbatim = CDataText, cdData = "\n\t\t", cdLine = Just 194})], elLine = Just 192}]}