RSSItem {rssItemTitle = Just "Announcing testing blog for hakyll-convert", rssItemLink = Just "https://testinghakyllconvert.wordpress.com/2017/09/02/announcing-testing-blog-for-hakyll-convert/", rssItemDescription = Just "", rssItemAuthor = Just "minorusan", rssItemCategories = [RSSCategory {rssCategoryDomain = Just "category", rssCategoryAttrs = [Attr {attrKey = QName {qName = "nicename", qURI = Nothing, qPrefix = Nothing}, attrVal = "uncategorized"}], rssCategoryValue = "Uncategorized"}], rssItemComments = Nothing, rssItemEnclosure = Nothing, rssItemGuid = Just (RSSGuid {rssGuidPermanentURL = Just False, rssGuidAttrs = [], rssGuidValue = "https://testinghakyllconvert.wordpress.com/?p=19"}), rssItemPubDate = Just "Sat, 02 Sep 2017 21:25:14 +0000", rssItemSource = Nothing, rssItemAttrs = [], rssItemOther = [Element {elName = QName {qName = "creator", qURI = Just "http://purl.org/dc/elements/1.1/", qPrefix = Just "dc"}, elAttribs = [], elContent = [Text (CData {cdVerbatim = CDataText, cdData = "minorusan", cdLine = Just 707})], elLine = Just 707},Element {elName = QName {qName = "encoded", qURI = Just "http://purl.org/rss/1.0/modules/content/", qPrefix = Just "content"}, elAttribs = [], elContent = [Text (CData {cdVerbatim = CDataVerbatim, cdData = "<a href=\"https://github.com/Minoru/hakyll-convert\">Hakyll-convert</a> provides a library and utility for importing blogs from a variety of engines (currently, Blogger and Wordpress) to the <a href=\"http://jaspervdj.be/hakyll/\">Hakyll</a> static site generator.\n\nWe aim to:\n<ul>\n\t<li>avoid converting your content between formats (it usually comes in HTML and should stay as such without passing through filters)</li>\n\t<li>allow for the possibility of <a href=\"http://www.w3.org/Provider/Style/URI.html\">Cool URIs</a> by keeping relative page names the same as on your old blog (this only works if you use your own domain for your hosted site). If you don't agree with us on that point, use <code>--output-format</code> flag to specify your own output filename format.</li>\n</ul>\nThis blog supports hakyll-convert by proving a set of test posts that can be exported and then used as a testing input for the program.", cdLine = Just 710})], elLine = Just 710},Element {elName = QName {qName = "encoded", qURI = Just "http://wordpress.org/export/1.2/excerpt/", qPrefix = Just "excerpt"}, elAttribs = [], elContent = [Text (CData {cdVerbatim = CDataVerbatim, cdData = "", cdLine = Just 718})], elLine = Just 718},Element {elName = QName {qName = "post_id", qURI = Just "http://wordpress.org/export/1.2/", qPrefix = Just "wp"}, elAttribs = [], elContent = [Text (CData {cdVerbatim = CDataText, cdData = "19", cdLine = Just 719})], elLine = Just 719},Element {elName = QName {qName = "post_date", qURI = Just "http://wordpress.org/export/1.2/", qPrefix = Just "wp"}, elAttribs = [], elContent = [Text (CData {cdVerbatim = CDataText, cdData = "2017-09-02 21:25:14", cdLine = Just 720})], elLine = Just 720},Element {elName = QName {qName = "post_date_gmt", qURI = Just "http://wordpress.org/export/1.2/", qPrefix = Just "wp"}, elAttribs = [], elContent = [Text (CData {cdVerbatim = CDataText, cdData = "2017-09-02 21:25:14", cdLine = Just 721})], elLine = Just 721},Element {elName = QName {qName = "comment_status", qURI = Just "http://wordpress.org/export/1.2/", qPrefix = Just "wp"}, elAttribs = [], elContent = [Text (CData {cdVerbatim = CDataText, cdData = "open", cdLine = Just 722})], elLine = Just 722},Element {elName = QName {qName = "ping_status", qURI = Just "http://wordpress.org/export/1.2/", qPrefix = Just "wp"}, elAttribs = [], elContent = [Text (CData {cdVerbatim = CDataText, cdData = "open", cdLine = Just 723})], elLine = Just 723},Element {elName = QName {qName = "post_name", qURI = Just "http://wordpress.org/export/1.2/", qPrefix = Just "wp"}, elAttribs = [], elContent = [Text (CData {cdVerbatim = CDataText, cdData = "announcing-testing-blog-for-hakyll-convert", cdLine = Just 724})], elLine = Just 724},Element {elName = QName {qName = "status", qURI = Just "http://wordpress.org/export/1.2/", qPrefix = Just "wp"}, elAttribs = [], elContent = [Text (CData {cdVerbatim = CDataText, cdData = "publish", cdLine = Just 725})], elLine = Just 725},Element {elName = QName {qName = "post_parent", qURI = Just "http://wordpress.org/export/1.2/", qPrefix = Just "wp"}, elAttribs = [], elContent = [Text (CData {cdVerbatim = CDataText, cdData = "0", cdLine = Just 726})], elLine = Just 726},Element {elName = QName {qName = "menu_order", qURI = Just "http://wordpress.org/export/1.2/", qPrefix = Just "wp"}, elAttribs = [], elContent = [Text (CData {cdVerbatim = CDataText, cdData = "0", cdLine = Just 727})], elLine = Just 727},Element {elName = QName {qName = "post_type", qURI = Just "http://wordpress.org/export/1.2/", qPrefix = Just "wp"}, elAttribs = [], elContent = [Text (CData {cdVerbatim = CDataText, cdData = "post", cdLine = Just 728})], elLine = Just 728},Element {elName = QName {qName = "post_password", qURI = Just "http://wordpress.org/export/1.2/", qPrefix = Just "wp"}, elAttribs = [], elContent = [], elLine = Just 729},Element {elName = QName {qName = "is_sticky", qURI = Just "http://wordpress.org/export/1.2/", qPrefix = Just "wp"}, elAttribs = [], elContent = [Text (CData {cdVerbatim = CDataText, cdData = "0", cdLine = Just 730})], elLine = Just 730},Element {elName = QName {qName = "postmeta", qURI = Just "http://wordpress.org/export/1.2/", qPrefix = Just "wp"}, elAttribs = [], elContent = [Text (CData {cdVerbatim = CDataText, cdData = "\n\t\t\t", cdLine = Just 732}),Elem (Element {elName = QName {qName = "meta_key", qURI = Just "http://wordpress.org/export/1.2/", qPrefix = Just "wp"}, elAttribs = [], elContent = [Text (CData {cdVerbatim = CDataText, cdData = "_rest_api_published", cdLine = Just 733})], elLine = Just 733}),Text (CData {cdVerbatim = CDataText, cdData = "\n\t\t\t", cdLine = Just 733}),Elem (Element {elName = QName {qName = "meta_value", qURI = Just "http://wordpress.org/export/1.2/", qPrefix = Just "wp"}, elAttribs = [], elContent = [Text (CData {cdVerbatim = CDataVerbatim, cdData = "1", cdLine = Just 734})], elLine = Just 734}),Text (CData {cdVerbatim = CDataText, cdData = "\n\t\t", cdLine = Just 734})], elLine = Just 732},Element {elName = QName {qName = "postmeta", qURI = Just "http://wordpress.org/export/1.2/", qPrefix = Just "wp"}, elAttribs = [], elContent = [Text (CData {cdVerbatim = CDataText, cdData = "\n\t\t\t", cdLine = Just 736}),Elem (Element {elName = QName {qName = "meta_key", qURI = Just "http://wordpress.org/export/1.2/", qPrefix = Just "wp"}, elAttribs = [], elContent = [Text (CData {cdVerbatim = CDataText, cdData = "_rest_api_client_id", cdLine = Just 737})], elLine = Just 737}),Text (CData {cdVerbatim = CDataText, cdData = "\n\t\t\t", cdLine = Just 737}),Elem (Element {elName = QName {qName = "meta_value", qURI = Just "http://wordpress.org/export/1.2/", qPrefix = Just "wp"}, elAttribs = [], elContent = [Text (CData {cdVerbatim = CDataVerbatim, cdData = "-1", cdLine = Just 738})], elLine = Just 738}),Text (CData {cdVerbatim = CDataText, cdData = "\n\t\t", cdLine = Just 738})], elLine = Just 736},Element {elName = QName {qName = "postmeta", qURI = Just "http://wordpress.org/export/1.2/", qPrefix = Just "wp"}, elAttribs = [], elContent = [Text (CData {cdVerbatim = CDataText, cdData = "\n\t\t\t", cdLine = Just 740}),Elem (Element {elName = QName {qName = "meta_key", qURI = Just "http://wordpress.org/export/1.2/", qPrefix = Just "wp"}, elAttribs = [], elContent = [Text (CData {cdVerbatim = CDataText, cdData = "_publicize_job_id", cdLine = Just 741})], elLine = Just 741}),Text (CData {cdVerbatim = CDataText, cdData = "\n\t\t\t", cdLine = Just 741}),Elem (Element {elName = QName {qName = "meta_value", qURI = Just "http://wordpress.org/export/1.2/", qPrefix = Just "wp"}, elAttribs = [], elContent = [Text (CData {cdVerbatim = CDataVerbatim, cdData = "8892908173", cdLine = Just 742})], elLine = Just 742}),Text (CData {cdVerbatim = CDataText, cdData = "\n\t\t", cdLine = Just 742})], elLine = Just 740},Element {elName = QName {qName = "comment", qURI = Just "http://wordpress.org/export/1.2/", qPrefix = Just "wp"}, elAttribs = [], elContent = [Text (CData {cdVerbatim = CDataText, cdData = "\n\t\t\t", cdLine = Just 744}),Elem (Element {elName = QName {qName = "comment_id", qURI = Just "http://wordpress.org/export/1.2/", qPrefix = Just "wp"}, elAttribs = [], elContent = [Text (CData {cdVerbatim = CDataText, cdData = "1", cdLine = Just 745})], elLine = Just 745}),Text (CData {cdVerbatim = CDataText, cdData = "\n\t\t\t", cdLine = Just 745}),Elem (Element {elName = QName {qName = "comment_author", qURI = Just "http://wordpress.org/export/1.2/", qPrefix = Just "wp"}, elAttribs = [], elContent = [Text (CData {cdVerbatim = CDataVerbatim, cdData = "minorusan", cdLine = Just 746})], elLine = Just 746}),Text (CData {cdVerbatim = CDataText, cdData = "\n\t\t\t", cdLine = Just 746}),Elem (Element {elName = QName {qName = "comment_author_email", qURI = Just "http://wordpress.org/export/1.2/", qPrefix = Just "wp"}, elAttribs = [], elContent = [Text (CData {cdVerbatim = CDataText, cdData = "eual.jp@gmail.com", cdLine = Just 747})], elLine = Just 747}),Text (CData {cdVerbatim = CDataText, cdData = "\n\t\t\t", cdLine = Just 747}),Elem (Element {elName = QName {qName = "comment_author_url", qURI = Just "http://wordpress.org/export/1.2/", qPrefix = Just "wp"}, elAttribs = [], elContent = [Text (CData {cdVerbatim = CDataText, cdData = "http://testinghakyllconvert.wordpress.com", cdLine = Just 748})], elLine = Just 748}),Text (CData {cdVerbatim = CDataText, cdData = "\n\t\t\t", cdLine = Just 748}),Elem (Element {elName = QName {qName = "comment_author_IP", qURI = Just "http://wordpress.org/export/1.2/", qPrefix = Just "wp"}, elAttribs = [], elContent = [Text (CData {cdVerbatim = CDataText, cdData = "176.14.255.168", cdLine = Just 749})], elLine = Just 749}),Text (CData {cdVerbatim = CDataText, cdData = "\n\t\t\t", cdLine = Just 749}),Elem (Element {elName = QName {qName = "comment_date", qURI = Just "http://wordpress.org/export/1.2/", qPrefix = Just "wp"}, elAttribs = [], elContent = [Text (CData {cdVerbatim = CDataText, cdData = "2017-09-02 21:28:46", cdLine = Just 750})], elLine = Just 750}),Text (CData {cdVerbatim = CDataText, cdData = "\n\t\t\t", cdLine = Just 750}),Elem (Element {elName = QName {qName = "comment_date_gmt", qURI = Just "http://wordpress.org/export/1.2/", qPrefix = Just "wp"}, elAttribs = [], elContent = [Text (CData {cdVerbatim = CDataText, cdData = "2017-09-02 21:28:46", cdLine = Just 751})], elLine = Just 751}),Text (CData {cdVerbatim = CDataText, cdData = "\n\t\t\t", cdLine = Just 751}),Elem (Element {elName = QName {qName = "comment_content", qURI = Just "http://wordpress.org/export/1.2/", qPrefix = Just "wp"}, elAttribs = [], elContent = [Text (CData {cdVerbatim = CDataVerbatim, cdData = "This is an example comment.", cdLine = Just 752})], elLine = Just 752}),Text (CData {cdVerbatim = CDataText, cdData = "\n\t\t\t", cdLine = Just 752}),Elem (Element {elName = QName {qName = "comment_approved", qURI = Just "http://wordpress.org/export/1.2/", qPrefix = Just "wp"}, elAttribs = [], elContent = [Text (CData {cdVerbatim = CDataText, cdData = "1", cdLine = Just 753})], elLine = Just 753}),Text (CData {cdVerbatim = CDataText, cdData = "\n\t\t\t", cdLine = Just 753}),Elem (Element {elName = QName {qName = "comment_type", qURI = Just "http://wordpress.org/export/1.2/", qPrefix = Just "wp"}, elAttribs = [], elContent = [], elLine = Just 754}),Text (CData {cdVerbatim = CDataText, cdData = "\n\t\t\t", cdLine = Just 754}),Elem (Element {elName = QName {qName = "comment_parent", qURI = Just "http://wordpress.org/export/1.2/", qPrefix = Just "wp"}, elAttribs = [], elContent = [Text (CData {cdVerbatim = CDataText, cdData = "0", cdLine = Just 755})], elLine = Just 755}),Text (CData {cdVerbatim = CDataText, cdData = "\n\t\t\t", cdLine = Just 755}),Elem (Element {elName = QName {qName = "comment_user_id", qURI = Just "http://wordpress.org/export/1.2/", qPrefix = Just "wp"}, elAttribs = [], elContent = [Text (CData {cdVerbatim = CDataText, cdData = "12286190", cdLine = Just 756})], elLine = Just 756}),Text (CData {cdVerbatim = CDataText, cdData = "\n\t\t\t", cdLine = Just 756}),Elem (Element {elName = QName {qName = "commentmeta", qURI = Just "http://wordpress.org/export/1.2/", qPrefix = Just "wp"}, elAttribs = [], elContent = [Text (CData {cdVerbatim = CDataText, cdData = "\n\t\t\t\t", cdLine = Just 757}),Elem (Element {elName = QName {qName = "meta_key", qURI = Just "http://wordpress.org/export/1.2/", qPrefix = Just "wp"}, elAttribs = [], elContent = [Text (CData {cdVerbatim = CDataText, cdData = "jabber_published", cdLine = Just 758})], elLine = Just 758}),Text (CData {cdVerbatim = CDataText, cdData = "\n\t\t\t\t", cdLine = Just 758}),Elem (Element {elName = QName {qName = "meta_value", qURI = Just "http://wordpress.org/export/1.2/", qPrefix = Just "wp"}, elAttribs = [], elContent = [Text (CData {cdVerbatim = CDataVerbatim, cdData = "1504387726", cdLine = Just 759})], elLine = Just 759}),Text (CData {cdVerbatim = CDataText, cdData = "\n\t\t\t", cdLine = Just 759})], elLine = Just 757}),Text (CData {cdVerbatim = CDataText, cdData = "\n\t\t\t", cdLine = Just 760}),Elem (Element {elName = QName {qName = "commentmeta", qURI = Just "http://wordpress.org/export/1.2/", qPrefix = Just "wp"}, elAttribs = [], elContent = [Text (CData {cdVerbatim = CDataText, cdData = "\n\t\t\t\t", cdLine = Just 761}),Elem (Element {elName = QName {qName = "meta_key", qURI = Just "http://wordpress.org/export/1.2/", qPrefix = Just "wp"}, elAttribs = [], elContent = [Text (CData {cdVerbatim = CDataText, cdData = "akismet_result", cdLine = Just 762})], elLine = Just 762}),Text (CData {cdVerbatim = CDataText, cdData = "\n\t\t\t\t", cdLine = Just 762}),Elem (Element {elName = QName {qName = "meta_value", qURI = Just "http://wordpress.org/export/1.2/", qPrefix = Just "wp"}, elAttribs = [], elContent = [Text (CData {cdVerbatim = CDataVerbatim, cdData = "false", cdLine = Just 763})], elLine = Just 763}),Text (CData {cdVerbatim = CDataText, cdData = "\n\t\t\t", cdLine = Just 763})], elLine = Just 761}),Text (CData {cdVerbatim = CDataText, cdData = "\n\t\t\t", cdLine = Just 764}),Elem (Element {elName = QName {qName = "commentmeta", qURI = Just "http://wordpress.org/export/1.2/", qPrefix = Just "wp"}, elAttribs = [], elContent = [Text (CData {cdVerbatim = CDataText, cdData = "\n\t\t\t\t", cdLine = Just 765}),Elem (Element {elName = QName {qName = "meta_key", qURI = Just "http://wordpress.org/export/1.2/", qPrefix = Just "wp"}, elAttribs = [], elContent = [Text (CData {cdVerbatim = CDataText, cdData = "akismet_history", cdLine = Just 766})], elLine = Just 766}),Text (CData {cdVerbatim = CDataText, cdData = "\n\t\t\t\t", cdLine = Just 766}),Elem (Element {elName = QName {qName = "meta_value", qURI = Just "http://wordpress.org/export/1.2/", qPrefix = Just "wp"}, elAttribs = [], elContent = [Text (CData {cdVerbatim = CDataVerbatim, cdData = "a:3:{s:4:\"time\";d:1504387726.609157085418701171875;s:5:\"event\";s:9:\"check-ham\";s:4:\"user\";s:9:\"minorusan\";}", cdLine = Just 767})], elLine = Just 767}),Text (CData {cdVerbatim = CDataText, cdData = "\n\t\t\t", cdLine = Just 767})], elLine = Just 765}),Text (CData {cdVerbatim = CDataText, cdData = "\n\t\t\t", cdLine = Just 768}),Elem (Element {elName = QName {qName = "commentmeta", qURI = Just "http://wordpress.org/export/1.2/", qPrefix = Just "wp"}, elAttribs = [], elContent = [Text (CData {cdVerbatim = CDataText, cdData = "\n\t\t\t\t", cdLine = Just 769}),Elem (Element {elName = QName {qName = "meta_key", qURI = Just "http://wordpress.org/export/1.2/", qPrefix = Just "wp"}, elAttribs = [], elContent = [Text (CData {cdVerbatim = CDataText, cdData = "akismet_as_submitted", cdLine = Just 770})], elLine = Just 770}),Text (CData {cdVerbatim = CDataText, cdData = "\n\t\t\t\t", cdLine = Just 770}),Elem (Element {elName = QName {qName = "meta_value", qURI = Just "http://wordpress.org/export/1.2/", qPrefix = Just "wp"}, elAttribs = [], elContent = [Text (CData {cdVerbatim = CDataVerbatim, cdData = "a:13:{s:14:\"comment_author\";s:9:\"minorusan\";s:20:\"comment_author_email\";s:17:\"eual.jp@gmail.com\";s:18:\"comment_author_url\";s:41:\"http://testinghakyllconvert.wordpress.com\";s:15:\"comment_content\";s:27:\"This is an example comment.\";s:12:\"comment_type\";s:0:\"\";s:7:\"user_ID\";i:12286190;s:7:\"user_id\";i:12286190;s:7:\"user_ip\";s:14:\"176.14.255.168\";s:10:\"user_agent\";s:68:\"Mozilla/5.0 (X11; Linux x86_64; rv:52.0) Gecko/20100101 Firefox/52.0\";s:4:\"blog\";s:41:\"http://testinghakyllconvert.wordpress.com\";s:9:\"blog_lang\";s:2:\"en\";s:12:\"blog_charset\";s:5:\"UTF-8\";s:9:\"permalink\";s:97:\"https://testinghakyllconvert.wordpress.com/2017/09/02/announcing-testing-blog-for-hakyll-convert/\";}", cdLine = Just 771})], elLine = Just 771}),Text (CData {cdVerbatim = CDataText, cdData = "\n\t\t\t", cdLine = Just 771})], elLine = Just 769}),Text (CData {cdVerbatim = CDataText, cdData = "\n\t\t\t", cdLine = Just 772}),Elem (Element {elName = QName {qName = "commentmeta", qURI = Just "http://wordpress.org/export/1.2/", qPrefix = Just "wp"}, elAttribs = [], elContent = [Text (CData {cdVerbatim = CDataText, cdData = "\n\t\t\t\t", cdLine = Just 773}),Elem (Element {elName = QName {qName = "meta_key", qURI = Just "http://wordpress.org/export/1.2/", qPrefix = Just "wp"}, elAttribs = [], elContent = [Text (CData {cdVerbatim = CDataText, cdData = "email_notification_notqueued", cdLine = Just 774})], elLine = Just 774}),Text (CData {cdVerbatim = CDataText, cdData = "\n\t\t\t\t", cdLine = Just 774}),Elem (Element {elName = QName {qName = "meta_value", qURI = Just "http://wordpress.org/export/1.2/", qPrefix = Just "wp"}, elAttribs = [], elContent = [Text (CData {cdVerbatim = CDataVerbatim, cdData = "1504387726", cdLine = Just 775})], elLine = Just 775}),Text (CData {cdVerbatim = CDataText, cdData = "\n\t\t\t", cdLine = Just 775})], elLine = Just 773}),Text (CData {cdVerbatim = CDataText, cdData = "\n\t\t", cdLine = Just 776})], elLine = Just 744}]}