RSSItem {rssItemTitle = Just "Facebook", rssItemLink = Just "https://testinghakyllconvert.wordpress.com/2017/09/02/facebook/", rssItemDescription = Just "", rssItemAuthor = Just "minorusan", rssItemCategories = [RSSCategory {rssCategoryDomain = Just "nav_menu", rssCategoryAttrs = [Attr {attrKey = QName {qName = "nicename", qURI = Nothing, qPrefix = Nothing}, attrVal = "social-media"}], rssCategoryValue = "Social Media"}], rssItemComments = Nothing, rssItemEnclosure = Nothing, rssItemGuid = Just (RSSGuid {rssGuidPermanentURL = Just False, rssGuidAttrs = [], rssGuidValue = "https://testinghakyllconvert.wordpress.com/2017/09/02/facebook/"}), rssItemPubDate = Just "Sat, 02 Sep 2017 21:10:36 +0000", rssItemSource = Nothing, rssItemAttrs = [], rssItemOther = [Element {elName = QName {qName = "creator", qURI = Just "http://purl.org/dc/elements/1.1/", qPrefix = Just "dc"}, elAttribs = [], elContent = [Text (CData {cdVerbatim = CDataText, cdData = "minorusan", cdLine = Just 378})], elLine = Just 378},Element {elName = QName {qName = "encoded", qURI = Just "http://purl.org/rss/1.0/modules/content/", qPrefix = Just "content"}, elAttribs = [], elContent = [Text (CData {cdVerbatim = CDataVerbatim, cdData = "", cdLine = Just 381})], elLine = Just 381},Element {elName = QName {qName = "encoded", qURI = Just "http://wordpress.org/export/1.2/excerpt/", qPrefix = Just "excerpt"}, elAttribs = [], elContent = [Text (CData {cdVerbatim = CDataVerbatim, cdData = "", cdLine = Just 382})], elLine = Just 382},Element {elName = QName {qName = "post_id", qURI = Just "http://wordpress.org/export/1.2/", qPrefix = Just "wp"}, elAttribs = [], elContent = [Text (CData {cdVerbatim = CDataText, cdData = "11", cdLine = Just 383})], elLine = Just 383},Element {elName = QName {qName = "post_date", qURI = Just "http://wordpress.org/export/1.2/", qPrefix = Just "wp"}, elAttribs = [], elContent = [Text (CData {cdVerbatim = CDataText, cdData = "2017-09-02 21:10:36", cdLine = Just 384})], elLine = Just 384},Element {elName = QName {qName = "post_date_gmt", qURI = Just "http://wordpress.org/export/1.2/", qPrefix = Just "wp"}, elAttribs = [], elContent = [Text (CData {cdVerbatim = CDataText, cdData = "2017-09-02 21:10:36", cdLine = Just 385})], elLine = Just 385},Element {elName = QName {qName = "comment_status", qURI = Just "http://wordpress.org/export/1.2/", qPrefix = Just "wp"}, elAttribs = [], elContent = [Text (CData {cdVerbatim = CDataText, cdData = "closed", cdLine = Just 386})], elLine = Just 386},Element {elName = QName {qName = "ping_status", qURI = Just "http://wordpress.org/export/1.2/", qPrefix = Just "wp"}, elAttribs = [], elContent = [Text (CData {cdVerbatim = CDataText, cdData = "closed", cdLine = Just 387})], elLine = Just 387},Element {elName = QName {qName = "post_name", qURI = Just "http://wordpress.org/export/1.2/", qPrefix = Just "wp"}, elAttribs = [], elContent = [Text (CData {cdVerbatim = CDataText, cdData = "facebook", cdLine = Just 388})], elLine = Just 388},Element {elName = QName {qName = "status", qURI = Just "http://wordpress.org/export/1.2/", qPrefix = Just "wp"}, elAttribs = [], elContent = [Text (CData {cdVerbatim = CDataText, cdData = "publish", cdLine = Just 389})], elLine = Just 389},Element {elName = QName {qName = "post_parent", qURI = Just "http://wordpress.org/export/1.2/", qPrefix = Just "wp"}, elAttribs = [], elContent = [Text (CData {cdVerbatim = CDataText, cdData = "0", cdLine = Just 390})], elLine = Just 390},Element {elName = QName {qName = "menu_order", qURI = Just "http://wordpress.org/export/1.2/", qPrefix = Just "wp"}, elAttribs = [], elContent = [Text (CData {cdVerbatim = CDataText, cdData = "0", cdLine = Just 391})], elLine = Just 391},Element {elName = QName {qName = "post_type", qURI = Just "http://wordpress.org/export/1.2/", qPrefix = Just "wp"}, elAttribs = [], elContent = [Text (CData {cdVerbatim = CDataText, cdData = "nav_menu_item", cdLine = Just 392})], elLine = Just 392},Element {elName = QName {qName = "post_password", qURI = Just "http://wordpress.org/export/1.2/", qPrefix = Just "wp"}, elAttribs = [], elContent = [], elLine = Just 393},Element {elName = QName {qName = "is_sticky", qURI = Just "http://wordpress.org/export/1.2/", qPrefix = Just "wp"}, elAttribs = [], elContent = [Text (CData {cdVerbatim = CDataText, cdData = "0", cdLine = Just 394})], elLine = Just 394},Element {elName = QName {qName = "postmeta", qURI = Just "http://wordpress.org/export/1.2/", qPrefix = Just "wp"}, elAttribs = [], elContent = [Text (CData {cdVerbatim = CDataText, cdData = "\n\t\t\t", cdLine = Just 396}),Elem (Element {elName = QName {qName = "meta_key", qURI = Just "http://wordpress.org/export/1.2/", qPrefix = Just "wp"}, elAttribs = [], elContent = [Text (CData {cdVerbatim = CDataText, cdData = "_publicize_pending", cdLine = Just 397})], elLine = Just 397}),Text (CData {cdVerbatim = CDataText, cdData = "\n\t\t\t", cdLine = Just 397}),Elem (Element {elName = QName {qName = "meta_value", qURI = Just "http://wordpress.org/export/1.2/", qPrefix = Just "wp"}, elAttribs = [], elContent = [Text (CData {cdVerbatim = CDataVerbatim, cdData = "1", cdLine = Just 398})], elLine = Just 398}),Text (CData {cdVerbatim = CDataText, cdData = "\n\t\t", cdLine = Just 398})], elLine = Just 396},Element {elName = QName {qName = "postmeta", qURI = Just "http://wordpress.org/export/1.2/", qPrefix = Just "wp"}, elAttribs = [], elContent = [Text (CData {cdVerbatim = CDataText, cdData = "\n\t\t\t", cdLine = Just 400}),Elem (Element {elName = QName {qName = "meta_key", qURI = Just "http://wordpress.org/export/1.2/", qPrefix = Just "wp"}, elAttribs = [], elContent = [Text (CData {cdVerbatim = CDataText, cdData = "_menu_item_type", cdLine = Just 401})], elLine = Just 401}),Text (CData {cdVerbatim = CDataText, cdData = "\n\t\t\t", cdLine = Just 401}),Elem (Element {elName = QName {qName = "meta_value", qURI = Just "http://wordpress.org/export/1.2/", qPrefix = Just "wp"}, elAttribs = [], elContent = [Text (CData {cdVerbatim = CDataVerbatim, cdData = "custom", cdLine = Just 402})], elLine = Just 402}),Text (CData {cdVerbatim = CDataText, cdData = "\n\t\t", cdLine = Just 402})], elLine = Just 400},Element {elName = QName {qName = "postmeta", qURI = Just "http://wordpress.org/export/1.2/", qPrefix = Just "wp"}, elAttribs = [], elContent = [Text (CData {cdVerbatim = CDataText, cdData = "\n\t\t\t", cdLine = Just 404}),Elem (Element {elName = QName {qName = "meta_key", qURI = Just "http://wordpress.org/export/1.2/", qPrefix = Just "wp"}, elAttribs = [], elContent = [Text (CData {cdVerbatim = CDataText, cdData = "_menu_item_menu_item_parent", cdLine = Just 405})], elLine = Just 405}),Text (CData {cdVerbatim = CDataText, cdData = "\n\t\t\t", cdLine = Just 405}),Elem (Element {elName = QName {qName = "meta_value", qURI = Just "http://wordpress.org/export/1.2/", qPrefix = Just "wp"}, elAttribs = [], elContent = [Text (CData {cdVerbatim = CDataVerbatim, cdData = "0", cdLine = Just 406})], elLine = Just 406}),Text (CData {cdVerbatim = CDataText, cdData = "\n\t\t", cdLine = Just 406})], elLine = Just 404},Element {elName = QName {qName = "postmeta", qURI = Just "http://wordpress.org/export/1.2/", qPrefix = Just "wp"}, elAttribs = [], elContent = [Text (CData {cdVerbatim = CDataText, cdData = "\n\t\t\t", cdLine = Just 408}),Elem (Element {elName = QName {qName = "meta_key", qURI = Just "http://wordpress.org/export/1.2/", qPrefix = Just "wp"}, elAttribs = [], elContent = [Text (CData {cdVerbatim = CDataText, cdData = "_menu_item_object_id", cdLine = Just 409})], elLine = Just 409}),Text (CData {cdVerbatim = CDataText, cdData = "\n\t\t\t", cdLine = Just 409}),Elem (Element {elName = QName {qName = "meta_value", qURI = Just "http://wordpress.org/export/1.2/", qPrefix = Just "wp"}, elAttribs = [], elContent = [Text (CData {cdVerbatim = CDataVerbatim, cdData = "11", cdLine = Just 410})], elLine = Just 410}),Text (CData {cdVerbatim = CDataText, cdData = "\n\t\t", cdLine = Just 410})], elLine = Just 408},Element {elName = QName {qName = "postmeta", qURI = Just "http://wordpress.org/export/1.2/", qPrefix = Just "wp"}, elAttribs = [], elContent = [Text (CData {cdVerbatim = CDataText, cdData = "\n\t\t\t", cdLine = Just 412}),Elem (Element {elName = QName {qName = "meta_key", qURI = Just "http://wordpress.org/export/1.2/", qPrefix = Just "wp"}, elAttribs = [], elContent = [Text (CData {cdVerbatim = CDataText, cdData = "_menu_item_object", cdLine = Just 413})], elLine = Just 413}),Text (CData {cdVerbatim = CDataText, cdData = "\n\t\t\t", cdLine = Just 413}),Elem (Element {elName = QName {qName = "meta_value", qURI = Just "http://wordpress.org/export/1.2/", qPrefix = Just "wp"}, elAttribs = [], elContent = [Text (CData {cdVerbatim = CDataVerbatim, cdData = "custom", cdLine = Just 414})], elLine = Just 414}),Text (CData {cdVerbatim = CDataText, cdData = "\n\t\t", cdLine = Just 414})], elLine = Just 412},Element {elName = QName {qName = "postmeta", qURI = Just "http://wordpress.org/export/1.2/", qPrefix = Just "wp"}, elAttribs = [], elContent = [Text (CData {cdVerbatim = CDataText, cdData = "\n\t\t\t", cdLine = Just 416}),Elem (Element {elName = QName {qName = "meta_key", qURI = Just "http://wordpress.org/export/1.2/", qPrefix = Just "wp"}, elAttribs = [], elContent = [Text (CData {cdVerbatim = CDataText, cdData = "_menu_item_target", cdLine = Just 417})], elLine = Just 417}),Text (CData {cdVerbatim = CDataText, cdData = "\n\t\t\t", cdLine = Just 417}),Elem (Element {elName = QName {qName = "meta_value", qURI = Just "http://wordpress.org/export/1.2/", qPrefix = Just "wp"}, elAttribs = [], elContent = [Text (CData {cdVerbatim = CDataVerbatim, cdData = "", cdLine = Just 418})], elLine = Just 418}),Text (CData {cdVerbatim = CDataText, cdData = "\n\t\t", cdLine = Just 418})], elLine = Just 416},Element {elName = QName {qName = "postmeta", qURI = Just "http://wordpress.org/export/1.2/", qPrefix = Just "wp"}, elAttribs = [], elContent = [Text (CData {cdVerbatim = CDataText, cdData = "\n\t\t\t", cdLine = Just 420}),Elem (Element {elName = QName {qName = "meta_key", qURI = Just "http://wordpress.org/export/1.2/", qPrefix = Just "wp"}, elAttribs = [], elContent = [Text (CData {cdVerbatim = CDataText, cdData = "_menu_item_classes", cdLine = Just 421})], elLine = Just 421}),Text (CData {cdVerbatim = CDataText, cdData = "\n\t\t\t", cdLine = Just 421}),Elem (Element {elName = QName {qName = "meta_value", qURI = Just "http://wordpress.org/export/1.2/", qPrefix = Just "wp"}, elAttribs = [], elContent = [Text (CData {cdVerbatim = CDataVerbatim, cdData = "a:1:{i:0;s:0:\"\";}", cdLine = Just 422})], elLine = Just 422}),Text (CData {cdVerbatim = CDataText, cdData = "\n\t\t", cdLine = Just 422})], elLine = Just 420},Element {elName = QName {qName = "postmeta", qURI = Just "http://wordpress.org/export/1.2/", qPrefix = Just "wp"}, elAttribs = [], elContent = [Text (CData {cdVerbatim = CDataText, cdData = "\n\t\t\t", cdLine = Just 424}),Elem (Element {elName = QName {qName = "meta_key", qURI = Just "http://wordpress.org/export/1.2/", qPrefix = Just "wp"}, elAttribs = [], elContent = [Text (CData {cdVerbatim = CDataText, cdData = "_menu_item_xfn", cdLine = Just 425})], elLine = Just 425}),Text (CData {cdVerbatim = CDataText, cdData = "\n\t\t\t", cdLine = Just 425}),Elem (Element {elName = QName {qName = "meta_value", qURI = Just "http://wordpress.org/export/1.2/", qPrefix = Just "wp"}, elAttribs = [], elContent = [Text (CData {cdVerbatim = CDataVerbatim, cdData = "", cdLine = Just 426})], elLine = Just 426}),Text (CData {cdVerbatim = CDataText, cdData = "\n\t\t", cdLine = Just 426})], elLine = Just 424},Element {elName = QName {qName = "postmeta", qURI = Just "http://wordpress.org/export/1.2/", qPrefix = Just "wp"}, elAttribs = [], elContent = [Text (CData {cdVerbatim = CDataText, cdData = "\n\t\t\t", cdLine = Just 428}),Elem (Element {elName = QName {qName = "meta_key", qURI = Just "http://wordpress.org/export/1.2/", qPrefix = Just "wp"}, elAttribs = [], elContent = [Text (CData {cdVerbatim = CDataText, cdData = "_menu_item_url", cdLine = Just 429})], elLine = Just 429}),Text (CData {cdVerbatim = CDataText, cdData = "\n\t\t\t", cdLine = Just 429}),Elem (Element {elName = QName {qName = "meta_value", qURI = Just "http://wordpress.org/export/1.2/", qPrefix = Just "wp"}, elAttribs = [], elContent = [Text (CData {cdVerbatim = CDataVerbatim, cdData = "http://www.facebook.com", cdLine = Just 430})], elLine = Just 430}),Text (CData {cdVerbatim = CDataText, cdData = "\n\t\t", cdLine = Just 430})], elLine = Just 428}]}