RSSItem {rssItemTitle = Just "Contact", rssItemLink = Just "https://testinghakyllconvert.wordpress.com/contact/", rssItemDescription = Just "", rssItemAuthor = Just "minorusan", rssItemCategories = [], rssItemComments = Nothing, rssItemEnclosure = Nothing, rssItemGuid = Just (RSSGuid {rssGuidPermanentURL = Just False, rssGuidAttrs = [], rssGuidValue = "https://testinghakyllconvert.wordpress.com/?page_id=3"}), rssItemPubDate = Just "Sat, 02 Sep 2017 21:05:35 +0000", rssItemSource = Nothing, rssItemAttrs = [], rssItemOther = [Element {elName = QName {qName = "creator", qURI = Just "http://purl.org/dc/elements/1.1/", qPrefix = Just "dc"}, elAttribs = [], elContent = [Text (CData {cdVerbatim = CDataText, cdData = "minorusan", cdLine = Just 104})], elLine = Just 104},Element {elName = QName {qName = "encoded", qURI = Just "http://purl.org/rss/1.0/modules/content/", qPrefix = Just "content"}, elAttribs = [], elContent = [Text (CData {cdVerbatim = CDataVerbatim, cdData = "This is a contact page with some basic contact information and a contact form. [contact-form][contact-field label=\"Name\" type=\"name\" required=\"1\"/][contact-field label=\"Email\" type=\"email\" required=\"1\"/][contact-field label=\"Website\" type=\"url\"/][contact-field label=\"Comment\" type=\"textarea\" required=\"1\"/][/contact-form]", cdLine = Just 107})], elLine = Just 107},Element {elName = QName {qName = "encoded", qURI = Just "http://wordpress.org/export/1.2/excerpt/", qPrefix = Just "excerpt"}, elAttribs = [], elContent = [Text (CData {cdVerbatim = CDataVerbatim, cdData = "This is just a short excerpt for the contact&nbsp;page.", cdLine = Just 108})], elLine = Just 108},Element {elName = QName {qName = "post_id", qURI = Just "http://wordpress.org/export/1.2/", qPrefix = Just "wp"}, elAttribs = [], elContent = [Text (CData {cdVerbatim = CDataText, cdData = "3", cdLine = Just 109})], elLine = Just 109},Element {elName = QName {qName = "post_date", qURI = Just "http://wordpress.org/export/1.2/", qPrefix = Just "wp"}, elAttribs = [], elContent = [Text (CData {cdVerbatim = CDataText, cdData = "2017-09-02 21:05:35", cdLine = Just 110})], elLine = Just 110},Element {elName = QName {qName = "post_date_gmt", qURI = Just "http://wordpress.org/export/1.2/", qPrefix = Just "wp"}, elAttribs = [], elContent = [Text (CData {cdVerbatim = CDataText, cdData = "2017-09-02 21:05:35", cdLine = Just 111})], elLine = Just 111},Element {elName = QName {qName = "comment_status", qURI = Just "http://wordpress.org/export/1.2/", qPrefix = Just "wp"}, elAttribs = [], elContent = [Text (CData {cdVerbatim = CDataText, cdData = "closed", cdLine = Just 112})], elLine = Just 112},Element {elName = QName {qName = "ping_status", qURI = Just "http://wordpress.org/export/1.2/", qPrefix = Just "wp"}, elAttribs = [], elContent = [Text (CData {cdVerbatim = CDataText, cdData = "closed", cdLine = Just 113})], elLine = Just 113},Element {elName = QName {qName = "post_name", qURI = Just "http://wordpress.org/export/1.2/", qPrefix = Just "wp"}, elAttribs = [], elContent = [Text (CData {cdVerbatim = CDataText, cdData = "contact", cdLine = Just 114})], elLine = Just 114},Element {elName = QName {qName = "status", qURI = Just "http://wordpress.org/export/1.2/", qPrefix = Just "wp"}, elAttribs = [], elContent = [Text (CData {cdVerbatim = CDataText, cdData = "publish", cdLine = Just 115})], elLine = Just 115},Element {elName = QName {qName = "post_parent", qURI = Just "http://wordpress.org/export/1.2/", qPrefix = Just "wp"}, elAttribs = [], elContent = [Text (CData {cdVerbatim = CDataText, cdData = "0", cdLine = Just 116})], elLine = Just 116},Element {elName = QName {qName = "menu_order", qURI = Just "http://wordpress.org/export/1.2/", qPrefix = Just "wp"}, elAttribs = [], elContent = [Text (CData {cdVerbatim = CDataText, cdData = "2", cdLine = Just 117})], elLine = Just 117},Element {elName = QName {qName = "post_type", qURI = Just "http://wordpress.org/export/1.2/", qPrefix = Just "wp"}, elAttribs = [], elContent = [Text (CData {cdVerbatim = CDataText, cdData = "page", cdLine = Just 118})], elLine = Just 118},Element {elName = QName {qName = "post_password", qURI = Just "http://wordpress.org/export/1.2/", qPrefix = Just "wp"}, elAttribs = [], elContent = [], elLine = Just 119},Element {elName = QName {qName = "is_sticky", qURI = Just "http://wordpress.org/export/1.2/", qPrefix = Just "wp"}, elAttribs = [], elContent = [Text (CData {cdVerbatim = CDataText, cdData = "0", cdLine = Just 120})], elLine = Just 120},Element {elName = QName {qName = "postmeta", qURI = Just "http://wordpress.org/export/1.2/", qPrefix = Just "wp"}, elAttribs = [], elContent = [Text (CData {cdVerbatim = CDataText, cdData = "\n\t\t\t", cdLine = Just 121}),Elem (Element {elName = QName {qName = "meta_key", qURI = Just "http://wordpress.org/export/1.2/", qPrefix = Just "wp"}, elAttribs = [], elContent = [Text (CData {cdVerbatim = CDataText, cdData = "_headstart_post", cdLine = Just 122})], elLine = Just 122}),Text (CData {cdVerbatim = CDataText, cdData = "\n\t\t\t", cdLine = Just 122}),Elem (Element {elName = QName {qName = "meta_value", qURI = Just "http://wordpress.org/export/1.2/", qPrefix = Just "wp"}, elAttribs = [], elContent = [Text (CData {cdVerbatim = CDataVerbatim, cdData = "_hs_contact_page", cdLine = Just 123})], elLine = Just 123}),Text (CData {cdVerbatim = CDataText, cdData = "\n\t\t", cdLine = Just 123})], elLine = Just 121},Element {elName = QName {qName = "postmeta", qURI = Just "http://wordpress.org/export/1.2/", qPrefix = Just "wp"}, elAttribs = [], elContent = [Text (CData {cdVerbatim = CDataText, cdData = "\n\t\t\t", cdLine = Just 125}),Elem (Element {elName = QName {qName = "meta_key", qURI = Just "http://wordpress.org/export/1.2/", qPrefix = Just "wp"}, elAttribs = [], elContent = [Text (CData {cdVerbatim = CDataText, cdData = "sharing_disabled", cdLine = Just 126})], elLine = Just 126}),Text (CData {cdVerbatim = CDataText, cdData = "\n\t\t\t", cdLine = Just 126}),Elem (Element {elName = QName {qName = "meta_value", qURI = Just "http://wordpress.org/export/1.2/", qPrefix = Just "wp"}, elAttribs = [], elContent = [Text (CData {cdVerbatim = CDataVerbatim, cdData = "a:1:{i:0;i:1;}", cdLine = Just 127})], elLine = Just 127}),Text (CData {cdVerbatim = CDataText, cdData = "\n\t\t", cdLine = Just 127})], elLine = Just 125},Element {elName = QName {qName = "postmeta", qURI = Just "http://wordpress.org/export/1.2/", qPrefix = Just "wp"}, elAttribs = [], elContent = [Text (CData {cdVerbatim = CDataText, cdData = "\n\t\t\t", cdLine = Just 129}),Elem (Element {elName = QName {qName = "meta_key", qURI = Just "http://wordpress.org/export/1.2/", qPrefix = Just "wp"}, elAttribs = [], elContent = [Text (CData {cdVerbatim = CDataText, cdData = "switch_like_status", cdLine = Just 130})], elLine = Just 130}),Text (CData {cdVerbatim = CDataText, cdData = "\n\t\t\t", cdLine = Just 130}),Elem (Element {elName = QName {qName = "meta_value", qURI = Just "http://wordpress.org/export/1.2/", qPrefix = Just "wp"}, elAttribs = [], elContent = [Text (CData {cdVerbatim = CDataVerbatim, cdData = "a:1:{i:0;i:1;}", cdLine = Just 131})], elLine = Just 131}),Text (CData {cdVerbatim = CDataText, cdData = "\n\t\t", cdLine = Just 131})], elLine = Just 129},Element {elName = QName {qName = "postmeta", qURI = Just "http://wordpress.org/export/1.2/", qPrefix = Just "wp"}, elAttribs = [], elContent = [Text (CData {cdVerbatim = CDataText, cdData = "\n\t\t\t", cdLine = Just 133}),Elem (Element {elName = QName {qName = "meta_key", qURI = Just "http://wordpress.org/export/1.2/", qPrefix = Just "wp"}, elAttribs = [], elContent = [Text (CData {cdVerbatim = CDataText, cdData = "_wpas_skip_all_services", cdLine = Just 134})], elLine = Just 134}),Text (CData {cdVerbatim = CDataText, cdData = "\n\t\t\t", cdLine = Just 134}),Elem (Element {elName = QName {qName = "meta_value", qURI = Just "http://wordpress.org/export/1.2/", qPrefix = Just "wp"}, elAttribs = [], elContent = [Text (CData {cdVerbatim = CDataVerbatim, cdData = "1", cdLine = Just 135})], elLine = Just 135}),Text (CData {cdVerbatim = CDataText, cdData = "\n\t\t", cdLine = Just 135})], elLine = Just 133},Element {elName = QName {qName = "postmeta", qURI = Just "http://wordpress.org/export/1.2/", qPrefix = Just "wp"}, elAttribs = [], elContent = [Text (CData {cdVerbatim = CDataText, cdData = "\n\t\t\t", cdLine = Just 137}),Elem (Element {elName = QName {qName = "meta_key", qURI = Just "http://wordpress.org/export/1.2/", qPrefix = Just "wp"}, elAttribs = [], elContent = [Text (CData {cdVerbatim = CDataText, cdData = "_publicize_pending", cdLine = Just 138})], elLine = Just 138}),Text (CData {cdVerbatim = CDataText, cdData = "\n\t\t\t", cdLine = Just 138}),Elem (Element {elName = QName {qName = "meta_value", qURI = Just "http://wordpress.org/export/1.2/", qPrefix = Just "wp"}, elAttribs = [], elContent = [Text (CData {cdVerbatim = CDataVerbatim, cdData = "1", cdLine = Just 139})], elLine = Just 139}),Text (CData {cdVerbatim = CDataText, cdData = "\n\t\t", cdLine = Just 139})], elLine = Just 137},Element {elName = QName {qName = "postmeta", qURI = Just "http://wordpress.org/export/1.2/", qPrefix = Just "wp"}, elAttribs = [], elContent = [Text (CData {cdVerbatim = CDataText, cdData = "\n\t\t\t", cdLine = Just 141}),Elem (Element {elName = QName {qName = "meta_key", qURI = Just "http://wordpress.org/export/1.2/", qPrefix = Just "wp"}, elAttribs = [], elContent = [Text (CData {cdVerbatim = CDataText, cdData = "_thumbnail_id", cdLine = Just 142})], elLine = Just 142}),Text (CData {cdVerbatim = CDataText, cdData = "\n\t\t\t", cdLine = Just 142}),Elem (Element {elName = QName {qName = "meta_value", qURI = Just "http://wordpress.org/export/1.2/", qPrefix = Just "wp"}, elAttribs = [], elContent = [Text (CData {cdVerbatim = CDataVerbatim, cdData = "16", cdLine = Just 143})], elLine = Just 143}),Text (CData {cdVerbatim = CDataText, cdData = "\n\t\t", cdLine = Just 143})], elLine = Just 141},Element {elName = QName {qName = "postmeta", qURI = Just "http://wordpress.org/export/1.2/", qPrefix = Just "wp"}, elAttribs = [], elContent = [Text (CData {cdVerbatim = CDataText, cdData = "\n\t\t\t", cdLine = Just 145}),Elem (Element {elName = QName {qName = "meta_key", qURI = Just "http://wordpress.org/export/1.2/", qPrefix = Just "wp"}, elAttribs = [], elContent = [Text (CData {cdVerbatim = CDataText, cdData = "_g_feedback_shortcode", cdLine = Just 146})], elLine = Just 146}),Text (CData {cdVerbatim = CDataText, cdData = "\n\t\t\t", cdLine = Just 146}),Elem (Element {elName = QName {qName = "meta_value", qURI = Just "http://wordpress.org/export/1.2/", qPrefix = Just "wp"}, elAttribs = [], elContent = [Text (CData {cdVerbatim = CDataVerbatim, cdData = "[contact-field label=\"Name\" type=\"name\" required=\"1\"/][contact-field label=\"Email\" type=\"email\" required=\"1\"/][contact-field label=\"Website\" type=\"url\"/][contact-field label=\"Comment\" type=\"textarea\" required=\"1\"/]", cdLine = Just 147})], elLine = Just 147}),Text (CData {cdVerbatim = CDataText, cdData = "\n\t\t", cdLine = Just 147})], elLine = Just 145}]}