RSSItem {rssItemTitle = Just "Twitter", rssItemLink = Just "https://testinghakyllconvert.wordpress.com/2017/09/02/twitter/", rssItemDescription = Just "", rssItemAuthor = Just "minorusan", rssItemCategories = [RSSCategory {rssCategoryDomain = Just "nav_menu", rssCategoryAttrs = [Attr {attrKey = QName {qName = "nicename", qURI = Nothing, qPrefix = Nothing}, attrVal = "social-media"}], rssCategoryValue = "Social Media"}], rssItemComments = Nothing, rssItemEnclosure = Nothing, rssItemGuid = Just (RSSGuid {rssGuidPermanentURL = Just False, rssGuidAttrs = [], rssGuidValue = "https://testinghakyllconvert.wordpress.com/2017/09/02/twitter/"}), rssItemPubDate = Just "Sat, 02 Sep 2017 21:10:37 +0000", rssItemSource = Nothing, rssItemAttrs = [], rssItemOther = [Element {elName = QName {qName = "creator", qURI = Just "http://purl.org/dc/elements/1.1/", qPrefix = Just "dc"}, elAttribs = [], elContent = [Text (CData {cdVerbatim = CDataText, cdData = "minorusan", cdLine = Just 496})], elLine = Just 496},Element {elName = QName {qName = "encoded", qURI = Just "http://purl.org/rss/1.0/modules/content/", qPrefix = Just "content"}, elAttribs = [], elContent = [Text (CData {cdVerbatim = CDataVerbatim, cdData = "", cdLine = Just 499})], elLine = Just 499},Element {elName = QName {qName = "encoded", qURI = Just "http://wordpress.org/export/1.2/excerpt/", qPrefix = Just "excerpt"}, elAttribs = [], elContent = [Text (CData {cdVerbatim = CDataVerbatim, cdData = "", cdLine = Just 500})], elLine = Just 500},Element {elName = QName {qName = "post_id", qURI = Just "http://wordpress.org/export/1.2/", qPrefix = Just "wp"}, elAttribs = [], elContent = [Text (CData {cdVerbatim = CDataText, cdData = "13", cdLine = Just 501})], elLine = Just 501},Element {elName = QName {qName = "post_date", qURI = Just "http://wordpress.org/export/1.2/", qPrefix = Just "wp"}, elAttribs = [], elContent = [Text (CData {cdVerbatim = CDataText, cdData = "2017-09-02 21:10:37", cdLine = Just 502})], elLine = Just 502},Element {elName = QName {qName = "post_date_gmt", qURI = Just "http://wordpress.org/export/1.2/", qPrefix = Just "wp"}, elAttribs = [], elContent = [Text (CData {cdVerbatim = CDataText, cdData = "2017-09-02 21:10:37", cdLine = Just 503})], elLine = Just 503},Element {elName = QName {qName = "comment_status", qURI = Just "http://wordpress.org/export/1.2/", qPrefix = Just "wp"}, elAttribs = [], elContent = [Text (CData {cdVerbatim = CDataText, cdData = "closed", cdLine = Just 504})], elLine = Just 504},Element {elName = QName {qName = "ping_status", qURI = Just "http://wordpress.org/export/1.2/", qPrefix = Just "wp"}, elAttribs = [], elContent = [Text (CData {cdVerbatim = CDataText, cdData = "closed", cdLine = Just 505})], elLine = Just 505},Element {elName = QName {qName = "post_name", qURI = Just "http://wordpress.org/export/1.2/", qPrefix = Just "wp"}, elAttribs = [], elContent = [Text (CData {cdVerbatim = CDataText, cdData = "twitter", cdLine = Just 506})], elLine = Just 506},Element {elName = QName {qName = "status", qURI = Just "http://wordpress.org/export/1.2/", qPrefix = Just "wp"}, elAttribs = [], elContent = [Text (CData {cdVerbatim = CDataText, cdData = "publish", cdLine = Just 507})], elLine = Just 507},Element {elName = QName {qName = "post_parent", qURI = Just "http://wordpress.org/export/1.2/", qPrefix = Just "wp"}, elAttribs = [], elContent = [Text (CData {cdVerbatim = CDataText, cdData = "0", cdLine = Just 508})], elLine = Just 508},Element {elName = QName {qName = "menu_order", qURI = Just "http://wordpress.org/export/1.2/", qPrefix = Just "wp"}, elAttribs = [], elContent = [Text (CData {cdVerbatim = CDataText, cdData = "2", cdLine = Just 509})], elLine = Just 509},Element {elName = QName {qName = "post_type", qURI = Just "http://wordpress.org/export/1.2/", qPrefix = Just "wp"}, elAttribs = [], elContent = [Text (CData {cdVerbatim = CDataText, cdData = "nav_menu_item", cdLine = Just 510})], elLine = Just 510},Element {elName = QName {qName = "post_password", qURI = Just "http://wordpress.org/export/1.2/", qPrefix = Just "wp"}, elAttribs = [], elContent = [], elLine = Just 511},Element {elName = QName {qName = "is_sticky", qURI = Just "http://wordpress.org/export/1.2/", qPrefix = Just "wp"}, elAttribs = [], elContent = [Text (CData {cdVerbatim = CDataText, cdData = "0", cdLine = Just 512})], elLine = Just 512},Element {elName = QName {qName = "postmeta", qURI = Just "http://wordpress.org/export/1.2/", qPrefix = Just "wp"}, elAttribs = [], elContent = [Text (CData {cdVerbatim = CDataText, cdData = "\n\t\t\t", cdLine = Just 514}),Elem (Element {elName = QName {qName = "meta_key", qURI = Just "http://wordpress.org/export/1.2/", qPrefix = Just "wp"}, elAttribs = [], elContent = [Text (CData {cdVerbatim = CDataText, cdData = "_publicize_pending", cdLine = Just 515})], elLine = Just 515}),Text (CData {cdVerbatim = CDataText, cdData = "\n\t\t\t", cdLine = Just 515}),Elem (Element {elName = QName {qName = "meta_value", qURI = Just "http://wordpress.org/export/1.2/", qPrefix = Just "wp"}, elAttribs = [], elContent = [Text (CData {cdVerbatim = CDataVerbatim, cdData = "1", cdLine = Just 516})], elLine = Just 516}),Text (CData {cdVerbatim = CDataText, cdData = "\n\t\t", cdLine = Just 516})], elLine = Just 514},Element {elName = QName {qName = "postmeta", qURI = Just "http://wordpress.org/export/1.2/", qPrefix = Just "wp"}, elAttribs = [], elContent = [Text (CData {cdVerbatim = CDataText, cdData = "\n\t\t\t", cdLine = Just 518}),Elem (Element {elName = QName {qName = "meta_key", qURI = Just "http://wordpress.org/export/1.2/", qPrefix = Just "wp"}, elAttribs = [], elContent = [Text (CData {cdVerbatim = CDataText, cdData = "_menu_item_type", cdLine = Just 519})], elLine = Just 519}),Text (CData {cdVerbatim = CDataText, cdData = "\n\t\t\t", cdLine = Just 519}),Elem (Element {elName = QName {qName = "meta_value", qURI = Just "http://wordpress.org/export/1.2/", qPrefix = Just "wp"}, elAttribs = [], elContent = [Text (CData {cdVerbatim = CDataVerbatim, cdData = "custom", cdLine = Just 520})], elLine = Just 520}),Text (CData {cdVerbatim = CDataText, cdData = "\n\t\t", cdLine = Just 520})], elLine = Just 518},Element {elName = QName {qName = "postmeta", qURI = Just "http://wordpress.org/export/1.2/", qPrefix = Just "wp"}, elAttribs = [], elContent = [Text (CData {cdVerbatim = CDataText, cdData = "\n\t\t\t", cdLine = Just 522}),Elem (Element {elName = QName {qName = "meta_key", qURI = Just "http://wordpress.org/export/1.2/", qPrefix = Just "wp"}, elAttribs = [], elContent = [Text (CData {cdVerbatim = CDataText, cdData = "_menu_item_menu_item_parent", cdLine = Just 523})], elLine = Just 523}),Text (CData {cdVerbatim = CDataText, cdData = "\n\t\t\t", cdLine = Just 523}),Elem (Element {elName = QName {qName = "meta_value", qURI = Just "http://wordpress.org/export/1.2/", qPrefix = Just "wp"}, elAttribs = [], elContent = [Text (CData {cdVerbatim = CDataVerbatim, cdData = "0", cdLine = Just 524})], elLine = Just 524}),Text (CData {cdVerbatim = CDataText, cdData = "\n\t\t", cdLine = Just 524})], elLine = Just 522},Element {elName = QName {qName = "postmeta", qURI = Just "http://wordpress.org/export/1.2/", qPrefix = Just "wp"}, elAttribs = [], elContent = [Text (CData {cdVerbatim = CDataText, cdData = "\n\t\t\t", cdLine = Just 526}),Elem (Element {elName = QName {qName = "meta_key", qURI = Just "http://wordpress.org/export/1.2/", qPrefix = Just "wp"}, elAttribs = [], elContent = [Text (CData {cdVerbatim = CDataText, cdData = "_menu_item_object_id", cdLine = Just 527})], elLine = Just 527}),Text (CData {cdVerbatim = CDataText, cdData = "\n\t\t\t", cdLine = Just 527}),Elem (Element {elName = QName {qName = "meta_value", qURI = Just "http://wordpress.org/export/1.2/", qPrefix = Just "wp"}, elAttribs = [], elContent = [Text (CData {cdVerbatim = CDataVerbatim, cdData = "13", cdLine = Just 528})], elLine = Just 528}),Text (CData {cdVerbatim = CDataText, cdData = "\n\t\t", cdLine = Just 528})], elLine = Just 526},Element {elName = QName {qName = "postmeta", qURI = Just "http://wordpress.org/export/1.2/", qPrefix = Just "wp"}, elAttribs = [], elContent = [Text (CData {cdVerbatim = CDataText, cdData = "\n\t\t\t", cdLine = Just 530}),Elem (Element {elName = QName {qName = "meta_key", qURI = Just "http://wordpress.org/export/1.2/", qPrefix = Just "wp"}, elAttribs = [], elContent = [Text (CData {cdVerbatim = CDataText, cdData = "_menu_item_object", cdLine = Just 531})], elLine = Just 531}),Text (CData {cdVerbatim = CDataText, cdData = "\n\t\t\t", cdLine = Just 531}),Elem (Element {elName = QName {qName = "meta_value", qURI = Just "http://wordpress.org/export/1.2/", qPrefix = Just "wp"}, elAttribs = [], elContent = [Text (CData {cdVerbatim = CDataVerbatim, cdData = "custom", cdLine = Just 532})], elLine = Just 532}),Text (CData {cdVerbatim = CDataText, cdData = "\n\t\t", cdLine = Just 532})], elLine = Just 530},Element {elName = QName {qName = "postmeta", qURI = Just "http://wordpress.org/export/1.2/", qPrefix = Just "wp"}, elAttribs = [], elContent = [Text (CData {cdVerbatim = CDataText, cdData = "\n\t\t\t", cdLine = Just 534}),Elem (Element {elName = QName {qName = "meta_key", qURI = Just "http://wordpress.org/export/1.2/", qPrefix = Just "wp"}, elAttribs = [], elContent = [Text (CData {cdVerbatim = CDataText, cdData = "_menu_item_target", cdLine = Just 535})], elLine = Just 535}),Text (CData {cdVerbatim = CDataText, cdData = "\n\t\t\t", cdLine = Just 535}),Elem (Element {elName = QName {qName = "meta_value", qURI = Just "http://wordpress.org/export/1.2/", qPrefix = Just "wp"}, elAttribs = [], elContent = [Text (CData {cdVerbatim = CDataVerbatim, cdData = "", cdLine = Just 536})], elLine = Just 536}),Text (CData {cdVerbatim = CDataText, cdData = "\n\t\t", cdLine = Just 536})], elLine = Just 534},Element {elName = QName {qName = "postmeta", qURI = Just "http://wordpress.org/export/1.2/", qPrefix = Just "wp"}, elAttribs = [], elContent = [Text (CData {cdVerbatim = CDataText, cdData = "\n\t\t\t", cdLine = Just 538}),Elem (Element {elName = QName {qName = "meta_key", qURI = Just "http://wordpress.org/export/1.2/", qPrefix = Just "wp"}, elAttribs = [], elContent = [Text (CData {cdVerbatim = CDataText, cdData = "_menu_item_classes", cdLine = Just 539})], elLine = Just 539}),Text (CData {cdVerbatim = CDataText, cdData = "\n\t\t\t", cdLine = Just 539}),Elem (Element {elName = QName {qName = "meta_value", qURI = Just "http://wordpress.org/export/1.2/", qPrefix = Just "wp"}, elAttribs = [], elContent = [Text (CData {cdVerbatim = CDataVerbatim, cdData = "a:1:{i:0;s:0:\"\";}", cdLine = Just 540})], elLine = Just 540}),Text (CData {cdVerbatim = CDataText, cdData = "\n\t\t", cdLine = Just 540})], elLine = Just 538},Element {elName = QName {qName = "postmeta", qURI = Just "http://wordpress.org/export/1.2/", qPrefix = Just "wp"}, elAttribs = [], elContent = [Text (CData {cdVerbatim = CDataText, cdData = "\n\t\t\t", cdLine = Just 542}),Elem (Element {elName = QName {qName = "meta_key", qURI = Just "http://wordpress.org/export/1.2/", qPrefix = Just "wp"}, elAttribs = [], elContent = [Text (CData {cdVerbatim = CDataText, cdData = "_menu_item_xfn", cdLine = Just 543})], elLine = Just 543}),Text (CData {cdVerbatim = CDataText, cdData = "\n\t\t\t", cdLine = Just 543}),Elem (Element {elName = QName {qName = "meta_value", qURI = Just "http://wordpress.org/export/1.2/", qPrefix = Just "wp"}, elAttribs = [], elContent = [Text (CData {cdVerbatim = CDataVerbatim, cdData = "", cdLine = Just 544})], elLine = Just 544}),Text (CData {cdVerbatim = CDataText, cdData = "\n\t\t", cdLine = Just 544})], elLine = Just 542},Element {elName = QName {qName = "postmeta", qURI = Just "http://wordpress.org/export/1.2/", qPrefix = Just "wp"}, elAttribs = [], elContent = [Text (CData {cdVerbatim = CDataText, cdData = "\n\t\t\t", cdLine = Just 546}),Elem (Element {elName = QName {qName = "meta_key", qURI = Just "http://wordpress.org/export/1.2/", qPrefix = Just "wp"}, elAttribs = [], elContent = [Text (CData {cdVerbatim = CDataText, cdData = "_menu_item_url", cdLine = Just 547})], elLine = Just 547}),Text (CData {cdVerbatim = CDataText, cdData = "\n\t\t\t", cdLine = Just 547}),Elem (Element {elName = QName {qName = "meta_value", qURI = Just "http://wordpress.org/export/1.2/", qPrefix = Just "wp"}, elAttribs = [], elContent = [Text (CData {cdVerbatim = CDataVerbatim, cdData = "http://www.twitter.com", cdLine = Just 548})], elLine = Just 548}),Text (CData {cdVerbatim = CDataText, cdData = "\n\t\t", cdLine = Just 548})], elLine = Just 546}]}