FullPost {fpPost = Entry {entryId = "tag:blogger.com,1999:blog-5162495313991119940.post-7643416819140719600", entryTitle = TextString "", entryUpdated = "2017-09-02T14:44:31.203-07:00", entryAuthors = [Person {personName = "Minoru", personURI = Just "https://www.blogger.com/profile/15979236009981641914", personEmail = Just "noreply@blogger.com", personOther = []}], entryCategories = [Category {catTerm = "http://schemas.google.com/blogger/2008/kind#post", catScheme = Just "http://schemas.google.com/g/2005#kind", catLabel = Nothing, catOther = []}], entryContent = Just (HTMLContent "<a href=\"https://github.com/Minoru/hakyll-convert\">Hakyll-convert</a> provides a library and utility for importing blogs from a variety of engines (currently, Blogger and WordPress) to the <a href=\"http://jaspervdj.be/hakyll/\">Hakyll</a> static site generator.<br /><br />We aim to: <br /><ul><li>avoid converting your content between formats (it usually comes in HTML and should stay as such without passing through filters)</li><li>allow for the possibility of <a href=\"http://www.w3.org/Provider/Style/URI.html\">Cool URIs</a> by keeping relative page names the same as on your old blog (this only works if you use your own domain for your hosted site). If you don\8217t agree with us on that point, use <code>--output-format</code> flag to specify your own output filename format.</li></ul>This blog supports hakyll-convert by proving a set of test posts that can be exported and then used as a testing input for the program. "), entryContributor = [], entryLinks = [Link {linkHref = "https://testinghakyllconvert.blogspot.com/feeds/7643416819140719600/comments/default", linkRel = Just (Right "replies"), linkType = Just "application/atom+xml", linkHrefLang = Nothing, linkTitle = Just "\1050\1086\1084\1084\1077\1085\1090\1072\1088\1080\1080 \1082 \1089\1086\1086\1073\1097\1077\1085\1080\1102", linkLength = Nothing, linkAttrs = [(Name {nameLocalName = "href", nameNamespace = Nothing, namePrefix = Nothing},[ContentText "https://testinghakyllconvert.blogspot.com/feeds/7643416819140719600/comments/default"]),(Name {nameLocalName = "rel", nameNamespace = Nothing, namePrefix = Nothing},[ContentText "replies"]),(Name {nameLocalName = "title", nameNamespace = Nothing, namePrefix = Nothing},[ContentText "\1050\1086\1084\1084\1077\1085\1090\1072\1088\1080\1080 \1082 \1089\1086\1086\1073\1097\1077\1085\1080\1102"]),(Name {nameLocalName = "type", nameNamespace = Nothing, namePrefix = Nothing},[ContentText "application/atom+xml"])], linkOther = []},Link {linkHref = "http://testinghakyllconvert.blogspot.com/2017/09/hakyll-convert-provides-library-and.html#comment-form", linkRel = Just (Right "replies"), linkType = Just "text/html", linkHrefLang = Nothing, linkTitle = Just "\1050\1086\1084\1084\1077\1085\1090\1072\1088\1080\1080: 1", linkLength = Nothing, linkAttrs = [(Name {nameLocalName = "href", nameNamespace = Nothing, namePrefix = Nothing},[ContentText "http://testinghakyllconvert.blogspot.com/2017/09/hakyll-convert-provides-library-and.html#comment-form"]),(Name {nameLocalName = "rel", nameNamespace = Nothing, namePrefix = Nothing},[ContentText "replies"]),(Name {nameLocalName = "title", nameNamespace = Nothing, namePrefix = Nothing},[ContentText "\1050\1086\1084\1084\1077\1085\1090\1072\1088\1080\1080: 1"]),(Name {nameLocalName = "type", nameNamespace = Nothing, namePrefix = Nothing},[ContentText "text/html"])], linkOther = []},Link {linkHref = "https://www.blogger.com/feeds/5162495313991119940/posts/default/7643416819140719600", linkRel = Just (Right "edit"), linkType = Just "application/atom+xml", linkHrefLang = Nothing, linkTitle = Nothing, linkLength = Nothing, linkAttrs = [(Name {nameLocalName = "href", nameNamespace = Nothing, namePrefix = Nothing},[ContentText "https://www.blogger.com/feeds/5162495313991119940/posts/default/7643416819140719600"]),(Name {nameLocalName = "rel", nameNamespace = Nothing, namePrefix = Nothing},[ContentText "edit"]),(Name {nameLocalName = "type", nameNamespace = Nothing, namePrefix = Nothing},[ContentText "application/atom+xml"])], linkOther = []},Link {linkHref = "https://www.blogger.com/feeds/5162495313991119940/posts/default/7643416819140719600", linkRel = Just (Right "self"), linkType = Just "application/atom+xml", linkHrefLang = Nothing, linkTitle = Nothing, linkLength = Nothing, linkAttrs = [(Name {nameLocalName = "href", nameNamespace = Nothing, namePrefix = Nothing},[ContentText "https://www.blogger.com/feeds/5162495313991119940/posts/default/7643416819140719600"]),(Name {nameLocalName = "rel", nameNamespace = Nothing, namePrefix = Nothing},[ContentText "self"]),(Name {nameLocalName = "type", nameNamespace = Nothing, namePrefix = Nothing},[ContentText "application/atom+xml"])], linkOther = []},Link {linkHref = "http://testinghakyllconvert.blogspot.com/2017/09/hakyll-convert-provides-library-and.html", linkRel = Just (Right "alternate"), linkType = Just "text/html", linkHrefLang = Nothing, linkTitle = Just "", linkLength = Nothing, linkAttrs = [(Name {nameLocalName = "href", nameNamespace = Nothing, namePrefix = Nothing},[ContentText "http://testinghakyllconvert.blogspot.com/2017/09/hakyll-convert-provides-library-and.html"]),(Name {nameLocalName = "rel", nameNamespace = Nothing, namePrefix = Nothing},[ContentText "alternate"]),(Name {nameLocalName = "title", nameNamespace = Nothing, namePrefix = Nothing},[ContentText ""]),(Name {nameLocalName = "type", nameNamespace = Nothing, namePrefix = Nothing},[ContentText "text/html"])], linkOther = []}], entryPublished = Just "2017-09-02T14:44:00.002-07:00", entryRights = Nothing, entrySource = Nothing, entrySummary = Nothing, entryInReplyTo = Nothing, entryInReplyTotal = Just (InReplyTotal {replyToTotal = 1, replyToTotalOther = []}), entryAttrs = [], entryOther = []}, fpComments = [Entry {entryId = "tag:blogger.com,1999:blog-5162495313991119940.post-4418218280178244067", entryTitle = TextString "This is an example comment.", entryUpdated = "2017-09-02T14:45:23.302-07:00", entryAuthors = [Person {personName = "Minoru", personURI = Just "https://www.blogger.com/profile/15979236009981641914", personEmail = Just "noreply@blogger.com", personOther = []}], entryCategories = [Category {catTerm = "http://schemas.google.com/blogger/2008/kind#comment", catScheme = Just "http://schemas.google.com/g/2005#kind", catLabel = Nothing, catOther = []}], entryContent = Just (HTMLContent "This is an example comment."), entryContributor = [], entryLinks = [Link {linkHref = "https://www.blogger.com/feeds/5162495313991119940/7643416819140719600/comments/default/4418218280178244067", linkRel = Just (Right "edit"), linkType = Just "application/atom+xml", linkHrefLang = Nothing, linkTitle = Nothing, linkLength = Nothing, linkAttrs = [(Name {nameLocalName = "href", nameNamespace = Nothing, namePrefix = Nothing},[ContentText "https://www.blogger.com/feeds/5162495313991119940/7643416819140719600/comments/default/4418218280178244067"]),(Name {nameLocalName = "rel", nameNamespace = Nothing, namePrefix = Nothing},[ContentText "edit"]),(Name {nameLocalName = "type", nameNamespace = Nothing, namePrefix = Nothing},[ContentText "application/atom+xml"])], linkOther = []},Link {linkHref = "https://www.blogger.com/feeds/5162495313991119940/7643416819140719600/comments/default/4418218280178244067", linkRel = Just (Right "self"), linkType = Just "application/atom+xml", linkHrefLang = Nothing, linkTitle = Nothing, linkLength = Nothing, linkAttrs = [(Name {nameLocalName = "href", nameNamespace = Nothing, namePrefix = Nothing},[ContentText "https://www.blogger.com/feeds/5162495313991119940/7643416819140719600/comments/default/4418218280178244067"]),(Name {nameLocalName = "rel", nameNamespace = Nothing, namePrefix = Nothing},[ContentText "self"]),(Name {nameLocalName = "type", nameNamespace = Nothing, namePrefix = Nothing},[ContentText "application/atom+xml"])], linkOther = []},Link {linkHref = "http://testinghakyllconvert.blogspot.com/2017/09/hakyll-convert-provides-library-and.html?showComment=1504388723302#c4418218280178244067", linkRel = Just (Right "alternate"), linkType = Just "text/html", linkHrefLang = Nothing, linkTitle = Just "", linkLength = Nothing, linkAttrs = [(Name {nameLocalName = "href", nameNamespace = Nothing, namePrefix = Nothing},[ContentText "http://testinghakyllconvert.blogspot.com/2017/09/hakyll-convert-provides-library-and.html?showComment=1504388723302#c4418218280178244067"]),(Name {nameLocalName = "rel", nameNamespace = Nothing, namePrefix = Nothing},[ContentText "alternate"]),(Name {nameLocalName = "title", nameNamespace = Nothing, namePrefix = Nothing},[ContentText ""]),(Name {nameLocalName = "type", nameNamespace = Nothing, namePrefix = Nothing},[ContentText "text/html"])], linkOther = []}], entryPublished = Just "2017-09-02T14:45:23.302-07:00", entryRights = Nothing, entrySource = Nothing, entrySummary = Nothing, entryInReplyTo = Nothing, entryInReplyTotal = Nothing, entryAttrs = [], entryOther = []}], fpUri = "http://testinghakyllconvert.blogspot.com/2017/09/hakyll-convert-provides-library-and.html"}