FullPost {fpPost = Entry {entryId = "tag:blogger.com,1999:blog-5162495313991119940.post-96427537133708969", entryTitle = TextString "My first testing post", entryUpdated = "2017-09-02T14:41:34.728-07:00", entryAuthors = [Person {personName = "Minoru", personURI = Just "https://www.blogger.com/profile/15979236009981641914", personEmail = Just "noreply@blogger.com", personOther = []}], entryCategories = [Category {catTerm = "http://schemas.google.com/blogger/2008/kind#post", catScheme = Just "http://schemas.google.com/g/2005#kind", catLabel = Nothing, catOther = []}], entryContent = Just (HTMLContent "This is the first ever post on this blog."), entryContributor = [], entryLinks = [Link {linkHref = "https://testinghakyllconvert.blogspot.com/feeds/96427537133708969/comments/default", linkRel = Just (Right "replies"), linkType = Just "application/atom+xml", linkHrefLang = Nothing, linkTitle = Just "\1050\1086\1084\1084\1077\1085\1090\1072\1088\1080\1080 \1082 \1089\1086\1086\1073\1097\1077\1085\1080\1102", linkLength = Nothing, linkAttrs = [(Name {nameLocalName = "href", nameNamespace = Nothing, namePrefix = Nothing},[ContentText "https://testinghakyllconvert.blogspot.com/feeds/96427537133708969/comments/default"]),(Name {nameLocalName = "rel", nameNamespace = Nothing, namePrefix = Nothing},[ContentText "replies"]),(Name {nameLocalName = "title", nameNamespace = Nothing, namePrefix = Nothing},[ContentText "\1050\1086\1084\1084\1077\1085\1090\1072\1088\1080\1080 \1082 \1089\1086\1086\1073\1097\1077\1085\1080\1102"]),(Name {nameLocalName = "type", nameNamespace = Nothing, namePrefix = Nothing},[ContentText "application/atom+xml"])], linkOther = []},Link {linkHref = "http://testinghakyllconvert.blogspot.com/2017/09/my-first-testing-post.html#comment-form", linkRel = Just (Right "replies"), linkType = Just "text/html", linkHrefLang = Nothing, linkTitle = Just "\1050\1086\1084\1084\1077\1085\1090\1072\1088\1080\1080: 0", linkLength = Nothing, linkAttrs = [(Name {nameLocalName = "href", nameNamespace = Nothing, namePrefix = Nothing},[ContentText "http://testinghakyllconvert.blogspot.com/2017/09/my-first-testing-post.html#comment-form"]),(Name {nameLocalName = "rel", nameNamespace = Nothing, namePrefix = Nothing},[ContentText "replies"]),(Name {nameLocalName = "title", nameNamespace = Nothing, namePrefix = Nothing},[ContentText "\1050\1086\1084\1084\1077\1085\1090\1072\1088\1080\1080: 0"]),(Name {nameLocalName = "type", nameNamespace = Nothing, namePrefix = Nothing},[ContentText "text/html"])], linkOther = []},Link {linkHref = "https://www.blogger.com/feeds/5162495313991119940/posts/default/96427537133708969", linkRel = Just (Right "edit"), linkType = Just "application/atom+xml", linkHrefLang = Nothing, linkTitle = Nothing, linkLength = Nothing, linkAttrs = [(Name {nameLocalName = "href", nameNamespace = Nothing, namePrefix = Nothing},[ContentText "https://www.blogger.com/feeds/5162495313991119940/posts/default/96427537133708969"]),(Name {nameLocalName = "rel", nameNamespace = Nothing, namePrefix = Nothing},[ContentText "edit"]),(Name {nameLocalName = "type", nameNamespace = Nothing, namePrefix = Nothing},[ContentText "application/atom+xml"])], linkOther = []},Link {linkHref = "https://www.blogger.com/feeds/5162495313991119940/posts/default/96427537133708969", linkRel = Just (Right "self"), linkType = Just "application/atom+xml", linkHrefLang = Nothing, linkTitle = Nothing, linkLength = Nothing, linkAttrs = [(Name {nameLocalName = "href", nameNamespace = Nothing, namePrefix = Nothing},[ContentText "https://www.blogger.com/feeds/5162495313991119940/posts/default/96427537133708969"]),(Name {nameLocalName = "rel", nameNamespace = Nothing, namePrefix = Nothing},[ContentText "self"]),(Name {nameLocalName = "type", nameNamespace = Nothing, namePrefix = Nothing},[ContentText "application/atom+xml"])], linkOther = []},Link {linkHref = "http://testinghakyllconvert.blogspot.com/2017/09/my-first-testing-post.html", linkRel = Just (Right "alternate"), linkType = Just "text/html", linkHrefLang = Nothing, linkTitle = Just "My first testing post", linkLength = Nothing, linkAttrs = [(Name {nameLocalName = "href", nameNamespace = Nothing, namePrefix = Nothing},[ContentText "http://testinghakyllconvert.blogspot.com/2017/09/my-first-testing-post.html"]),(Name {nameLocalName = "rel", nameNamespace = Nothing, namePrefix = Nothing},[ContentText "alternate"]),(Name {nameLocalName = "title", nameNamespace = Nothing, namePrefix = Nothing},[ContentText "My first testing post"]),(Name {nameLocalName = "type", nameNamespace = Nothing, namePrefix = Nothing},[ContentText "text/html"])], linkOther = []}], entryPublished = Just "2017-09-02T14:41:00.001-07:00", entryRights = Nothing, entrySource = Nothing, entrySummary = Nothing, entryInReplyTo = Nothing, entryInReplyTotal = Just (InReplyTotal {replyToTotal = 0, replyToTotalOther = []}), entryAttrs = [], entryOther = []}, fpComments = [], fpUri = "https://testinghakyllconvert.blogspot.com/2017/09/my-first-testing-post.html"}