DistilledPost {dpUri = "https://testinghakyllconvert.wordpress.com/2017/09/02/linkedin/", dpBody = "\n\n\n<h3 id='hakyll-convert-comments-title'>Comments</h3>\n", dpTitle = Just "LinkedIn", dpTags = [], dpCategories = [], dpDate = 2017-09-02 21:10:37 UTC}