DistilledPost {dpUri = "https://testinghakyllconvert.wordpress.com/2017/09/02/9/", dpBody = " \n\n\n<h3 id='hakyll-convert-comments-title'>Comments</h3>\n", dpTitle = Just "", dpTags = [], dpCategories = [], dpDate = 2017-09-02 21:10:36 UTC}