DistilledPost {dpUri = "https://testinghakyllconvert.wordpress.com/2017/09/02/facebook/", dpBody = "\n\n\n<h3 id='hakyll-convert-comments-title'>Comments</h3>\n", dpTitle = Just "Facebook", dpTags = [], dpCategories = [], dpDate = 2017-09-02 21:10:36 UTC}