---
title: And now for something completely differentâ€¦
published: 1999-12-31T23:59:01Z
categories: jokes
tags: non-funny,unoriginal
---

Wonder what it is?
