---
title: untitled (outputâ€¦)
published: 2011-01-02T03:14:59Z
categories: Category 1,Category 2
tags: Tagged,with,<3
---

<p>This tool is <em>awesome</em>!</p>
